19:52:36.298 [main] TRACE - Detected browser version is 135.0.7049.85
19:52:36.321 [main] DEBUG - Resolution chrome135=135.0.7049.84 in cache (valid until 11:38:44 15/04/2025 IST)
19:52:36.321 [main] INFO  - Using chromedriver 135.0.7049.84 (resolved driver for Chrome 135)
19:52:36.325 [main] DEBUG - Storing resolution chrome=135 in cache (valid until 20:52:36 14/04/2025 IST)
19:52:36.328 [main] TRACE - Checking if chromedriver exists in cache
19:52:36.372 [main] TRACE - Filter cache by chromedriver -- input list [C:\Users\Admin\.cache\selenium\chromedriver\win64\124.0.6367.91\chromedriver.exe, C:\Users\Admin\.cache\selenium\chromedriver\win64\135.0.7049.84\chromedriver.exe, C:\Users\Admin\.cache\selenium\manager\0.4.20\selenium-manager.exe, C:\Users\Admin\.cache\selenium\resolution.properties, C:\Users\Admin\.cache\selenium\se-metadata.json] -- output list [C:\Users\Admin\.cache\selenium\chromedriver\win64\124.0.6367.91\chromedriver.exe, C:\Users\Admin\.cache\selenium\chromedriver\win64\135.0.7049.84\chromedriver.exe] 
19:52:36.373 [main] TRACE - Filter cache by 135.0.7049.84 -- input list [C:\Users\Admin\.cache\selenium\chromedriver\win64\124.0.6367.91\chromedriver.exe, C:\Users\Admin\.cache\selenium\chromedriver\win64\135.0.7049.84\chromedriver.exe] -- output list [C:\Users\Admin\.cache\selenium\chromedriver\win64\135.0.7049.84\chromedriver.exe] 
19:52:36.373 [main] TRACE - Filter cache by WIN -- input list [C:\Users\Admin\.cache\selenium\chromedriver\win64\135.0.7049.84\chromedriver.exe] -- output list [C:\Users\Admin\.cache\selenium\chromedriver\win64\135.0.7049.84\chromedriver.exe] 
19:52:36.375 [main] DEBUG - Driver chromedriver 135.0.7049.84 found in cache
19:52:36.378 [main] INFO  - Exporting webdriver.chrome.driver as C:\Users\Admin\.cache\selenium\chromedriver\win64\135.0.7049.84\chromedriver.exe
19:52:42.763 [main] INFO  - Goto my account-->Click on Login.. 
19:52:44.752 [main] DEBUG - Parsing relationship: /xl/_rels/workbook.xml.rels
19:52:44.761 [main] DEBUG - Parsing relationship: /xl/worksheets/_rels/sheet1.xml.rels
19:52:44.766 [main] DEBUG - Parsing relationship: /_rels/.rels
19:52:45.168 [main] TRACE - Loading type system org.apache.poi.schemas.ooxml.system.ooxml
19:52:45.174 [main] TRACE - Loading type system org.apache.xmlbeans.metadata.system.sXMLCONFIG
19:52:45.175 [main] TRACE - Loading type system org.apache.xmlbeans.metadata.system.sXMLLANG
19:52:45.175 [main] TRACE - Loading type system org.apache.xmlbeans.metadata.system.sXMLSCHEMA
19:52:45.176 [main] TRACE - Loading type system org.apache.xmlbeans.metadata.system.sXMLTOOLS
19:52:45.179 [main] TRACE - Reading unresolved handles for type system org.apache.xmlbeans.metadata.system.sXMLTOOLS
19:52:45.203 [main] TRACE - Finished loading type system org.apache.xmlbeans.metadata.system.sXMLTOOLS
19:52:45.206 [main] TRACE - Reading unresolved handles for type system org.apache.xmlbeans.metadata.system.sXMLSCHEMA
19:52:45.218 [main] TRACE - Finished loading type system org.apache.xmlbeans.metadata.system.sXMLSCHEMA
19:52:45.221 [main] TRACE - Reading unresolved handles for type system org.apache.xmlbeans.metadata.system.sXMLLANG
19:52:45.223 [main] TRACE - Finished loading type system org.apache.xmlbeans.metadata.system.sXMLLANG
19:52:45.227 [main] TRACE - Reading unresolved handles for type system org.apache.xmlbeans.metadata.system.sXMLCONFIG
19:52:45.229 [main] TRACE - Finished loading type system org.apache.xmlbeans.metadata.system.sXMLCONFIG
19:52:45.232 [main] TRACE - Reading unresolved handles for type system org.apache.poi.schemas.ooxml.system.ooxml
19:52:45.370 [main] TRACE - Finished loading type system org.apache.poi.schemas.ooxml.system.ooxml
19:52:45.372 [main] TRACE - Resolving type for handle themefd26doctype
19:52:45.520 [main] TRACE - Resolving type for handle stylesheet5d8bdoctype
19:52:45.536 [main] TRACE - Resolving type for handle ctstylesheet4257type
19:52:45.549 [main] TRACE - Resolving type for handle ctfonts6623type
19:52:45.557 [main] TRACE - Resolving type for handle ctfont14d8type
19:52:45.565 [main] TRACE - Resolving type for handle ctfills2c6ftype
19:52:45.571 [main] TRACE - Resolving type for handle ctfill550ctype
19:52:45.576 [main] TRACE - Resolving type for handle ctborders0d66type
19:52:45.582 [main] TRACE - Resolving type for handle ctborderf935type
19:52:45.589 [main] TRACE - Resolving type for handle ctcellxfs1322type
19:52:45.595 [main] TRACE - Resolving type for handle ctxf97f7type
19:52:45.601 [main] TRACE - Resolving type for handle ctcellstylexfsa81ftype
19:52:45.605 [main] TRACE - Resolving type for handle ctdxfsb26atype
19:52:45.611 [main] TRACE - Resolving type for handle cttablestyles872ftype
19:52:45.618 [main] TRACE - Resolving type for handle sstf81fdoctype
19:52:45.627 [main] TRACE - Resolving type for handle ctsst44f3type
19:52:45.648 [main] TRACE - Resolving type for handle ctrsta472type
19:52:45.693 [main] DEBUG - using default POIXMLDocumentPart for http://schemas.openxmlformats.org/officeDocument/2006/relationships/printerSettings
19:52:45.694 [main] TRACE - Resolving type for handle workbookec17doctype
19:52:45.705 [main] TRACE - Resolving type for handle ctworkbook83c3type
19:52:45.715 [main] TRACE - Resolving type for handle ctsheets49fdtype
19:52:45.719 [main] TRACE - Resolving type for handle ctsheet4dbetype
19:52:45.724 [main] TRACE - Resolving type for handle strelationshipid1e94type
19:52:45.729 [main] TRACE - Resolving type for handle worksheetf539doctype
19:52:45.743 [main] TRACE - Resolving type for handle ctworksheet530dtype
19:52:45.771 [main] TRACE - Resolving type for handle ctsheetdata8408type
19:52:45.777 [main] TRACE - Resolving type for handle ctrowdd39type
19:52:45.789 [main] TRACE - Resolving type for handle ctcell842btype
19:52:45.805 [main] TRACE - Resolving type for handle stcellrefe4e0type
19:52:45.823 [main] TRACE - Resolving type for handle ctcols627ctype
19:52:45.830 [main] TRACE - Resolving type for handle ctcola95ftype
19:52:45.847 [main] TRACE - Resolving type for handle cthyperlinks6416type
19:52:45.852 [main] TRACE - Resolving type for handle cthyperlink0c85type
19:52:45.861 [main] TRACE - Resolving type for handle stxstringf179type
19:52:45.868 [main] TRACE - Resolving type for handle stcelltypebf95type
19:52:49.351 [main] DEBUG - Using WebDriverManager 6.0.1
19:52:49.377 [main] DEBUG - Resolution chrome=135 in cache (valid until 20:52:36 14/04/2025 IST)
19:52:49.381 [main] DEBUG - Resolution chrome135=135.0.7049.84 in cache (valid until 11:38:44 15/04/2025 IST)
19:52:49.382 [main] INFO  - Using chromedriver 135.0.7049.84 (resolved driver for Chrome 135)
19:52:49.391 [main] TRACE - Checking if chromedriver exists in cache
19:52:49.403 [main] TRACE - Filter cache by chromedriver -- input list [C:\Users\Admin\.cache\selenium\chromedriver\win64\124.0.6367.91\chromedriver.exe, C:\Users\Admin\.cache\selenium\chromedriver\win64\135.0.7049.84\chromedriver.exe, C:\Users\Admin\.cache\selenium\manager\0.4.20\selenium-manager.exe, C:\Users\Admin\.cache\selenium\resolution.properties, C:\Users\Admin\.cache\selenium\se-metadata.json] -- output list [C:\Users\Admin\.cache\selenium\chromedriver\win64\124.0.6367.91\chromedriver.exe, C:\Users\Admin\.cache\selenium\chromedriver\win64\135.0.7049.84\chromedriver.exe] 
19:52:49.404 [main] TRACE - Filter cache by 135.0.7049.84 -- input list [C:\Users\Admin\.cache\selenium\chromedriver\win64\124.0.6367.91\chromedriver.exe, C:\Users\Admin\.cache\selenium\chromedriver\win64\135.0.7049.84\chromedriver.exe] -- output list [C:\Users\Admin\.cache\selenium\chromedriver\win64\135.0.7049.84\chromedriver.exe] 
19:52:49.404 [main] TRACE - Filter cache by WIN -- input list [C:\Users\Admin\.cache\selenium\chromedriver\win64\135.0.7049.84\chromedriver.exe] -- output list [C:\Users\Admin\.cache\selenium\chromedriver\win64\135.0.7049.84\chromedriver.exe] 
19:52:49.405 [main] DEBUG - Driver chromedriver 135.0.7049.84 found in cache
19:52:49.406 [main] INFO  - Exporting webdriver.chrome.driver as C:\Users\Admin\.cache\selenium\chromedriver\win64\135.0.7049.84\chromedriver.exe
19:52:54.950 [main] INFO  - Goto my account-->Click on Login.. 
19:52:56.355 [main] DEBUG - Parsing relationship: /xl/_rels/workbook.xml.rels
19:52:56.356 [main] DEBUG - Parsing relationship: /xl/worksheets/_rels/sheet1.xml.rels
19:52:56.358 [main] DEBUG - Parsing relationship: /_rels/.rels
19:52:56.395 [main] DEBUG - using default POIXMLDocumentPart for http://schemas.openxmlformats.org/officeDocument/2006/relationships/printerSettings
19:52:59.527 [main] DEBUG - Using WebDriverManager 6.0.1
19:52:59.563 [main] DEBUG - Resolution chrome=135 in cache (valid until 20:52:36 14/04/2025 IST)
19:52:59.566 [main] DEBUG - Resolution chrome135=135.0.7049.84 in cache (valid until 11:38:44 15/04/2025 IST)
19:52:59.568 [main] INFO  - Using chromedriver 135.0.7049.84 (resolved driver for Chrome 135)
19:52:59.577 [main] TRACE - Checking if chromedriver exists in cache
19:52:59.589 [main] TRACE - Filter cache by chromedriver -- input list [C:\Users\Admin\.cache\selenium\chromedriver\win64\124.0.6367.91\chromedriver.exe, C:\Users\Admin\.cache\selenium\chromedriver\win64\135.0.7049.84\chromedriver.exe, C:\Users\Admin\.cache\selenium\manager\0.4.20\selenium-manager.exe, C:\Users\Admin\.cache\selenium\resolution.properties, C:\Users\Admin\.cache\selenium\se-metadata.json] -- output list [C:\Users\Admin\.cache\selenium\chromedriver\win64\124.0.6367.91\chromedriver.exe, C:\Users\Admin\.cache\selenium\chromedriver\win64\135.0.7049.84\chromedriver.exe] 
19:52:59.589 [main] TRACE - Filter cache by 135.0.7049.84 -- input list [C:\Users\Admin\.cache\selenium\chromedriver\win64\124.0.6367.91\chromedriver.exe, C:\Users\Admin\.cache\selenium\chromedriver\win64\135.0.7049.84\chromedriver.exe] -- output list [C:\Users\Admin\.cache\selenium\chromedriver\win64\135.0.7049.84\chromedriver.exe] 
19:52:59.590 [main] TRACE - Filter cache by WIN -- input list [C:\Users\Admin\.cache\selenium\chromedriver\win64\135.0.7049.84\chromedriver.exe] -- output list [C:\Users\Admin\.cache\selenium\chromedriver\win64\135.0.7049.84\chromedriver.exe] 
19:52:59.591 [main] DEBUG - Driver chromedriver 135.0.7049.84 found in cache
19:52:59.592 [main] INFO  - Exporting webdriver.chrome.driver as C:\Users\Admin\.cache\selenium\chromedriver\win64\135.0.7049.84\chromedriver.exe
19:53:06.224 [main] INFO  - Goto my account-->Click on Login.. 
19:53:07.289 [main] DEBUG - Parsing relationship: /xl/_rels/workbook.xml.rels
19:53:07.291 [main] DEBUG - Parsing relationship: /xl/worksheets/_rels/sheet1.xml.rels
19:53:07.294 [main] DEBUG - Parsing relationship: /_rels/.rels
19:53:07.335 [main] DEBUG - using default POIXMLDocumentPart for http://schemas.openxmlformats.org/officeDocument/2006/relationships/printerSettings
19:53:10.989 [main] DEBUG - Using WebDriverManager 6.0.1
19:53:11.024 [main] DEBUG - Resolution chrome=135 in cache (valid until 20:52:36 14/04/2025 IST)
19:53:11.026 [main] DEBUG - Resolution chrome135=135.0.7049.84 in cache (valid until 11:38:44 15/04/2025 IST)
19:53:11.026 [main] INFO  - Using chromedriver 135.0.7049.84 (resolved driver for Chrome 135)
19:53:11.041 [main] TRACE - Checking if chromedriver exists in cache
19:53:11.054 [main] TRACE - Filter cache by chromedriver -- input list [C:\Users\Admin\.cache\selenium\chromedriver\win64\124.0.6367.91\chromedriver.exe, C:\Users\Admin\.cache\selenium\chromedriver\win64\135.0.7049.84\chromedriver.exe, C:\Users\Admin\.cache\selenium\manager\0.4.20\selenium-manager.exe, C:\Users\Admin\.cache\selenium\resolution.properties, C:\Users\Admin\.cache\selenium\se-metadata.json] -- output list [C:\Users\Admin\.cache\selenium\chromedriver\win64\124.0.6367.91\chromedriver.exe, C:\Users\Admin\.cache\selenium\chromedriver\win64\135.0.7049.84\chromedriver.exe] 
19:53:11.054 [main] TRACE - Filter cache by 135.0.7049.84 -- input list [C:\Users\Admin\.cache\selenium\chromedriver\win64\124.0.6367.91\chromedriver.exe, C:\Users\Admin\.cache\selenium\chromedriver\win64\135.0.7049.84\chromedriver.exe] -- output list [C:\Users\Admin\.cache\selenium\chromedriver\win64\135.0.7049.84\chromedriver.exe] 
19:53:11.054 [main] TRACE - Filter cache by WIN -- input list [C:\Users\Admin\.cache\selenium\chromedriver\win64\135.0.7049.84\chromedriver.exe] -- output list [C:\Users\Admin\.cache\selenium\chromedriver\win64\135.0.7049.84\chromedriver.exe] 
19:53:11.056 [main] DEBUG - Driver chromedriver 135.0.7049.84 found in cache
19:53:11.057 [main] INFO  - Exporting webdriver.chrome.driver as C:\Users\Admin\.cache\selenium\chromedriver\win64\135.0.7049.84\chromedriver.exe
19:53:14.284 [main] INFO  - Goto my account-->Click on Login.. 
19:53:16.031 [main] DEBUG - Parsing relationship: /xl/_rels/workbook.xml.rels
19:53:16.032 [main] DEBUG - Parsing relationship: /xl/worksheets/_rels/sheet1.xml.rels
19:53:16.034 [main] DEBUG - Parsing relationship: /_rels/.rels
19:53:16.092 [main] DEBUG - using default POIXMLDocumentPart for http://schemas.openxmlformats.org/officeDocument/2006/relationships/printerSettings
19:53:27.975 [main] DEBUG - Using WebDriverManager 6.0.1
19:53:28.010 [main] DEBUG - Resolution chrome=135 in cache (valid until 20:52:36 14/04/2025 IST)
19:53:28.012 [main] DEBUG - Resolution chrome135=135.0.7049.84 in cache (valid until 11:38:44 15/04/2025 IST)
19:53:28.013 [main] INFO  - Using chromedriver 135.0.7049.84 (resolved driver for Chrome 135)
19:53:28.023 [main] TRACE - Checking if chromedriver exists in cache
19:53:28.037 [main] TRACE - Filter cache by chromedriver -- input list [C:\Users\Admin\.cache\selenium\chromedriver\win64\124.0.6367.91\chromedriver.exe, C:\Users\Admin\.cache\selenium\chromedriver\win64\135.0.7049.84\chromedriver.exe, C:\Users\Admin\.cache\selenium\manager\0.4.20\selenium-manager.exe, C:\Users\Admin\.cache\selenium\resolution.properties, C:\Users\Admin\.cache\selenium\se-metadata.json] -- output list [C:\Users\Admin\.cache\selenium\chromedriver\win64\124.0.6367.91\chromedriver.exe, C:\Users\Admin\.cache\selenium\chromedriver\win64\135.0.7049.84\chromedriver.exe] 
19:53:28.037 [main] TRACE - Filter cache by 135.0.7049.84 -- input list [C:\Users\Admin\.cache\selenium\chromedriver\win64\124.0.6367.91\chromedriver.exe, C:\Users\Admin\.cache\selenium\chromedriver\win64\135.0.7049.84\chromedriver.exe] -- output list [C:\Users\Admin\.cache\selenium\chromedriver\win64\135.0.7049.84\chromedriver.exe] 
19:53:28.037 [main] TRACE - Filter cache by WIN -- input list [C:\Users\Admin\.cache\selenium\chromedriver\win64\135.0.7049.84\chromedriver.exe] -- output list [C:\Users\Admin\.cache\selenium\chromedriver\win64\135.0.7049.84\chromedriver.exe] 
19:53:28.038 [main] DEBUG - Driver chromedriver 135.0.7049.84 found in cache
19:53:28.040 [main] INFO  - Exporting webdriver.chrome.driver as C:\Users\Admin\.cache\selenium\chromedriver\win64\135.0.7049.84\chromedriver.exe
19:53:31.111 [main] INFO  - Goto my account-->Click on Login.. 
19:53:32.515 [main] DEBUG - Parsing relationship: /xl/_rels/workbook.xml.rels
19:53:32.515 [main] DEBUG - Parsing relationship: /xl/worksheets/_rels/sheet1.xml.rels
19:53:32.516 [main] DEBUG - Parsing relationship: /_rels/.rels
19:53:32.526 [main] DEBUG - using default POIXMLDocumentPart for http://schemas.openxmlformats.org/officeDocument/2006/relationships/printerSettings
20:19:44.160 [main] DEBUG - Using WebDriverManager 6.0.1
20:19:44.655 [main] DEBUG - Resolution chrome=135 in cache (valid until 20:52:36 14/04/2025 IST)
20:19:44.656 [main] DEBUG - Resolution chrome135=135.0.7049.84 in cache (valid until 11:38:44 15/04/2025 IST)
20:19:44.657 [main] INFO  - Using chromedriver 135.0.7049.84 (resolved driver for Chrome 135)
20:19:44.672 [main] TRACE - Checking if chromedriver exists in cache
20:19:44.709 [main] TRACE - Filter cache by chromedriver -- input list [C:\Users\Admin\.cache\selenium\chromedriver\win64\124.0.6367.91\chromedriver.exe, C:\Users\Admin\.cache\selenium\chromedriver\win64\135.0.7049.84\chromedriver.exe, C:\Users\Admin\.cache\selenium\manager\0.4.20\selenium-manager.exe, C:\Users\Admin\.cache\selenium\resolution.properties, C:\Users\Admin\.cache\selenium\se-metadata.json] -- output list [C:\Users\Admin\.cache\selenium\chromedriver\win64\124.0.6367.91\chromedriver.exe, C:\Users\Admin\.cache\selenium\chromedriver\win64\135.0.7049.84\chromedriver.exe] 
20:19:44.710 [main] TRACE - Filter cache by 135.0.7049.84 -- input list [C:\Users\Admin\.cache\selenium\chromedriver\win64\124.0.6367.91\chromedriver.exe, C:\Users\Admin\.cache\selenium\chromedriver\win64\135.0.7049.84\chromedriver.exe] -- output list [C:\Users\Admin\.cache\selenium\chromedriver\win64\135.0.7049.84\chromedriver.exe] 
20:19:44.710 [main] TRACE - Filter cache by WIN -- input list [C:\Users\Admin\.cache\selenium\chromedriver\win64\135.0.7049.84\chromedriver.exe] -- output list [C:\Users\Admin\.cache\selenium\chromedriver\win64\135.0.7049.84\chromedriver.exe] 
20:19:44.715 [main] DEBUG - Driver chromedriver 135.0.7049.84 found in cache
20:19:44.718 [main] INFO  - Exporting webdriver.chrome.driver as C:\Users\Admin\.cache\selenium\chromedriver\win64\135.0.7049.84\chromedriver.exe
20:19:53.088 [main] INFO  - Goto my account-->Click on Login.. 
20:19:54.700 [main] DEBUG - Parsing relationship: /xl/_rels/workbook.xml.rels
20:19:54.712 [main] DEBUG - Parsing relationship: /xl/worksheets/_rels/sheet1.xml.rels
20:19:54.715 [main] DEBUG - Parsing relationship: /_rels/.rels
20:19:55.138 [main] TRACE - Loading type system org.apache.poi.schemas.ooxml.system.ooxml
20:19:55.147 [main] TRACE - Loading type system org.apache.xmlbeans.metadata.system.sXMLCONFIG
20:19:55.149 [main] TRACE - Loading type system org.apache.xmlbeans.metadata.system.sXMLLANG
20:19:55.150 [main] TRACE - Loading type system org.apache.xmlbeans.metadata.system.sXMLSCHEMA
20:19:55.150 [main] TRACE - Loading type system org.apache.xmlbeans.metadata.system.sXMLTOOLS
20:19:55.153 [main] TRACE - Reading unresolved handles for type system org.apache.xmlbeans.metadata.system.sXMLTOOLS
20:19:55.173 [main] TRACE - Finished loading type system org.apache.xmlbeans.metadata.system.sXMLTOOLS
20:19:55.175 [main] TRACE - Reading unresolved handles for type system org.apache.xmlbeans.metadata.system.sXMLSCHEMA
20:19:55.182 [main] TRACE - Finished loading type system org.apache.xmlbeans.metadata.system.sXMLSCHEMA
20:19:55.184 [main] TRACE - Reading unresolved handles for type system org.apache.xmlbeans.metadata.system.sXMLLANG
20:19:55.185 [main] TRACE - Finished loading type system org.apache.xmlbeans.metadata.system.sXMLLANG
20:19:55.187 [main] TRACE - Reading unresolved handles for type system org.apache.xmlbeans.metadata.system.sXMLCONFIG
20:19:55.189 [main] TRACE - Finished loading type system org.apache.xmlbeans.metadata.system.sXMLCONFIG
20:19:55.191 [main] TRACE - Reading unresolved handles for type system org.apache.poi.schemas.ooxml.system.ooxml
20:19:55.364 [main] TRACE - Finished loading type system org.apache.poi.schemas.ooxml.system.ooxml
20:19:55.365 [main] TRACE - Resolving type for handle themefd26doctype
20:19:55.510 [main] TRACE - Resolving type for handle stylesheet5d8bdoctype
20:19:55.520 [main] TRACE - Resolving type for handle ctstylesheet4257type
20:19:55.533 [main] TRACE - Resolving type for handle ctfonts6623type
20:19:55.544 [main] TRACE - Resolving type for handle ctfont14d8type
20:19:55.553 [main] TRACE - Resolving type for handle ctfills2c6ftype
20:19:55.560 [main] TRACE - Resolving type for handle ctfill550ctype
20:19:55.563 [main] TRACE - Resolving type for handle ctborders0d66type
20:19:55.568 [main] TRACE - Resolving type for handle ctborderf935type
20:19:55.580 [main] TRACE - Resolving type for handle ctcellxfs1322type
20:19:55.587 [main] TRACE - Resolving type for handle ctxf97f7type
20:19:55.594 [main] TRACE - Resolving type for handle ctcellstylexfsa81ftype
20:19:55.597 [main] TRACE - Resolving type for handle ctdxfsb26atype
20:19:55.600 [main] TRACE - Resolving type for handle cttablestyles872ftype
20:19:55.608 [main] TRACE - Resolving type for handle sstf81fdoctype
20:19:55.614 [main] TRACE - Resolving type for handle ctsst44f3type
20:19:55.628 [main] TRACE - Resolving type for handle ctrsta472type
20:19:55.648 [main] DEBUG - using default POIXMLDocumentPart for http://schemas.openxmlformats.org/officeDocument/2006/relationships/printerSettings
20:19:55.649 [main] TRACE - Resolving type for handle workbookec17doctype
20:19:55.656 [main] TRACE - Resolving type for handle ctworkbook83c3type
20:19:55.661 [main] TRACE - Resolving type for handle ctsheets49fdtype
20:19:55.666 [main] TRACE - Resolving type for handle ctsheet4dbetype
20:19:55.670 [main] TRACE - Resolving type for handle strelationshipid1e94type
20:19:55.675 [main] TRACE - Resolving type for handle worksheetf539doctype
20:19:55.682 [main] TRACE - Resolving type for handle ctworksheet530dtype
20:19:55.690 [main] TRACE - Resolving type for handle ctsheetdata8408type
20:19:55.693 [main] TRACE - Resolving type for handle ctrowdd39type
20:19:55.698 [main] TRACE - Resolving type for handle ctcell842btype
20:19:55.708 [main] TRACE - Resolving type for handle stcellrefe4e0type
20:19:55.718 [main] TRACE - Resolving type for handle ctcols627ctype
20:19:55.730 [main] TRACE - Resolving type for handle ctcola95ftype
20:19:55.760 [main] TRACE - Resolving type for handle cthyperlinks6416type
20:19:55.765 [main] TRACE - Resolving type for handle cthyperlink0c85type
20:19:55.780 [main] TRACE - Resolving type for handle stxstringf179type
20:19:55.786 [main] TRACE - Resolving type for handle stcelltypebf95type
20:19:59.418 [main] DEBUG - Using WebDriverManager 6.0.1
20:19:59.451 [main] DEBUG - Resolution chrome=135 in cache (valid until 20:52:36 14/04/2025 IST)
20:19:59.453 [main] DEBUG - Resolution chrome135=135.0.7049.84 in cache (valid until 11:38:44 15/04/2025 IST)
20:19:59.454 [main] INFO  - Using chromedriver 135.0.7049.84 (resolved driver for Chrome 135)
20:19:59.467 [main] TRACE - Checking if chromedriver exists in cache
20:19:59.482 [main] TRACE - Filter cache by chromedriver -- input list [C:\Users\Admin\.cache\selenium\chromedriver\win64\124.0.6367.91\chromedriver.exe, C:\Users\Admin\.cache\selenium\chromedriver\win64\135.0.7049.84\chromedriver.exe, C:\Users\Admin\.cache\selenium\manager\0.4.20\selenium-manager.exe, C:\Users\Admin\.cache\selenium\resolution.properties, C:\Users\Admin\.cache\selenium\se-metadata.json] -- output list [C:\Users\Admin\.cache\selenium\chromedriver\win64\124.0.6367.91\chromedriver.exe, C:\Users\Admin\.cache\selenium\chromedriver\win64\135.0.7049.84\chromedriver.exe] 
20:19:59.482 [main] TRACE - Filter cache by 135.0.7049.84 -- input list [C:\Users\Admin\.cache\selenium\chromedriver\win64\124.0.6367.91\chromedriver.exe, C:\Users\Admin\.cache\selenium\chromedriver\win64\135.0.7049.84\chromedriver.exe] -- output list [C:\Users\Admin\.cache\selenium\chromedriver\win64\135.0.7049.84\chromedriver.exe] 
20:19:59.482 [main] TRACE - Filter cache by WIN -- input list [C:\Users\Admin\.cache\selenium\chromedriver\win64\135.0.7049.84\chromedriver.exe] -- output list [C:\Users\Admin\.cache\selenium\chromedriver\win64\135.0.7049.84\chromedriver.exe] 
20:19:59.485 [main] DEBUG - Driver chromedriver 135.0.7049.84 found in cache
20:19:59.489 [main] INFO  - Exporting webdriver.chrome.driver as C:\Users\Admin\.cache\selenium\chromedriver\win64\135.0.7049.84\chromedriver.exe
20:20:04.015 [main] INFO  - Goto my account-->Click on Login.. 
20:20:05.418 [main] DEBUG - Parsing relationship: /xl/_rels/workbook.xml.rels
20:20:05.421 [main] DEBUG - Parsing relationship: /xl/worksheets/_rels/sheet1.xml.rels
20:20:05.423 [main] DEBUG - Parsing relationship: /_rels/.rels
20:20:05.479 [main] DEBUG - using default POIXMLDocumentPart for http://schemas.openxmlformats.org/officeDocument/2006/relationships/printerSettings
20:20:09.046 [main] DEBUG - Using WebDriverManager 6.0.1
20:20:09.078 [main] DEBUG - Resolution chrome=135 in cache (valid until 20:52:36 14/04/2025 IST)
20:20:09.080 [main] DEBUG - Resolution chrome135=135.0.7049.84 in cache (valid until 11:38:44 15/04/2025 IST)
20:20:09.081 [main] INFO  - Using chromedriver 135.0.7049.84 (resolved driver for Chrome 135)
20:20:09.095 [main] TRACE - Checking if chromedriver exists in cache
20:20:09.105 [main] TRACE - Filter cache by chromedriver -- input list [C:\Users\Admin\.cache\selenium\chromedriver\win64\124.0.6367.91\chromedriver.exe, C:\Users\Admin\.cache\selenium\chromedriver\win64\135.0.7049.84\chromedriver.exe, C:\Users\Admin\.cache\selenium\manager\0.4.20\selenium-manager.exe, C:\Users\Admin\.cache\selenium\resolution.properties, C:\Users\Admin\.cache\selenium\se-metadata.json] -- output list [C:\Users\Admin\.cache\selenium\chromedriver\win64\124.0.6367.91\chromedriver.exe, C:\Users\Admin\.cache\selenium\chromedriver\win64\135.0.7049.84\chromedriver.exe] 
20:20:09.106 [main] TRACE - Filter cache by 135.0.7049.84 -- input list [C:\Users\Admin\.cache\selenium\chromedriver\win64\124.0.6367.91\chromedriver.exe, C:\Users\Admin\.cache\selenium\chromedriver\win64\135.0.7049.84\chromedriver.exe] -- output list [C:\Users\Admin\.cache\selenium\chromedriver\win64\135.0.7049.84\chromedriver.exe] 
20:20:09.106 [main] TRACE - Filter cache by WIN -- input list [C:\Users\Admin\.cache\selenium\chromedriver\win64\135.0.7049.84\chromedriver.exe] -- output list [C:\Users\Admin\.cache\selenium\chromedriver\win64\135.0.7049.84\chromedriver.exe] 
20:20:09.109 [main] DEBUG - Driver chromedriver 135.0.7049.84 found in cache
20:20:09.111 [main] INFO  - Exporting webdriver.chrome.driver as C:\Users\Admin\.cache\selenium\chromedriver\win64\135.0.7049.84\chromedriver.exe
20:20:12.013 [main] INFO  - Goto my account-->Click on Login.. 
20:20:14.269 [main] DEBUG - Parsing relationship: /xl/_rels/workbook.xml.rels
20:20:14.272 [main] DEBUG - Parsing relationship: /xl/worksheets/_rels/sheet1.xml.rels
20:20:14.274 [main] DEBUG - Parsing relationship: /_rels/.rels
20:20:14.298 [main] DEBUG - using default POIXMLDocumentPart for http://schemas.openxmlformats.org/officeDocument/2006/relationships/printerSettings
20:20:17.811 [main] DEBUG - Using WebDriverManager 6.0.1
20:20:17.880 [main] DEBUG - Resolution chrome=135 in cache (valid until 20:52:36 14/04/2025 IST)
20:20:17.881 [main] DEBUG - Resolution chrome135=135.0.7049.84 in cache (valid until 11:38:44 15/04/2025 IST)
20:20:17.881 [main] INFO  - Using chromedriver 135.0.7049.84 (resolved driver for Chrome 135)
20:20:17.889 [main] TRACE - Checking if chromedriver exists in cache
20:20:17.893 [main] TRACE - Filter cache by chromedriver -- input list [C:\Users\Admin\.cache\selenium\chromedriver\win64\124.0.6367.91\chromedriver.exe, C:\Users\Admin\.cache\selenium\chromedriver\win64\135.0.7049.84\chromedriver.exe, C:\Users\Admin\.cache\selenium\manager\0.4.20\selenium-manager.exe, C:\Users\Admin\.cache\selenium\resolution.properties, C:\Users\Admin\.cache\selenium\se-metadata.json] -- output list [C:\Users\Admin\.cache\selenium\chromedriver\win64\124.0.6367.91\chromedriver.exe, C:\Users\Admin\.cache\selenium\chromedriver\win64\135.0.7049.84\chromedriver.exe] 
20:20:17.895 [main] TRACE - Filter cache by 135.0.7049.84 -- input list [C:\Users\Admin\.cache\selenium\chromedriver\win64\124.0.6367.91\chromedriver.exe, C:\Users\Admin\.cache\selenium\chromedriver\win64\135.0.7049.84\chromedriver.exe] -- output list [C:\Users\Admin\.cache\selenium\chromedriver\win64\135.0.7049.84\chromedriver.exe] 
20:20:17.895 [main] TRACE - Filter cache by WIN -- input list [C:\Users\Admin\.cache\selenium\chromedriver\win64\135.0.7049.84\chromedriver.exe] -- output list [C:\Users\Admin\.cache\selenium\chromedriver\win64\135.0.7049.84\chromedriver.exe] 
20:20:17.896 [main] DEBUG - Driver chromedriver 135.0.7049.84 found in cache
20:20:17.897 [main] INFO  - Exporting webdriver.chrome.driver as C:\Users\Admin\.cache\selenium\chromedriver\win64\135.0.7049.84\chromedriver.exe
20:20:21.934 [main] INFO  - Goto my account-->Click on Login.. 
20:20:23.396 [main] DEBUG - Parsing relationship: /xl/_rels/workbook.xml.rels
20:20:23.398 [main] DEBUG - Parsing relationship: /xl/worksheets/_rels/sheet1.xml.rels
20:20:23.400 [main] DEBUG - Parsing relationship: /_rels/.rels
20:20:23.428 [main] DEBUG - using default POIXMLDocumentPart for http://schemas.openxmlformats.org/officeDocument/2006/relationships/printerSettings
20:20:35.706 [main] DEBUG - Using WebDriverManager 6.0.1
20:20:35.723 [main] DEBUG - Resolution chrome=135 in cache (valid until 20:52:36 14/04/2025 IST)
20:20:35.724 [main] DEBUG - Resolution chrome135=135.0.7049.84 in cache (valid until 11:38:44 15/04/2025 IST)
20:20:35.724 [main] INFO  - Using chromedriver 135.0.7049.84 (resolved driver for Chrome 135)
20:20:35.729 [main] TRACE - Checking if chromedriver exists in cache
20:20:35.734 [main] TRACE - Filter cache by chromedriver -- input list [C:\Users\Admin\.cache\selenium\chromedriver\win64\124.0.6367.91\chromedriver.exe, C:\Users\Admin\.cache\selenium\chromedriver\win64\135.0.7049.84\chromedriver.exe, C:\Users\Admin\.cache\selenium\manager\0.4.20\selenium-manager.exe, C:\Users\Admin\.cache\selenium\resolution.properties, C:\Users\Admin\.cache\selenium\se-metadata.json] -- output list [C:\Users\Admin\.cache\selenium\chromedriver\win64\124.0.6367.91\chromedriver.exe, C:\Users\Admin\.cache\selenium\chromedriver\win64\135.0.7049.84\chromedriver.exe] 
20:20:35.734 [main] TRACE - Filter cache by 135.0.7049.84 -- input list [C:\Users\Admin\.cache\selenium\chromedriver\win64\124.0.6367.91\chromedriver.exe, C:\Users\Admin\.cache\selenium\chromedriver\win64\135.0.7049.84\chromedriver.exe] -- output list [C:\Users\Admin\.cache\selenium\chromedriver\win64\135.0.7049.84\chromedriver.exe] 
20:20:35.734 [main] TRACE - Filter cache by WIN -- input list [C:\Users\Admin\.cache\selenium\chromedriver\win64\135.0.7049.84\chromedriver.exe] -- output list [C:\Users\Admin\.cache\selenium\chromedriver\win64\135.0.7049.84\chromedriver.exe] 
20:20:35.735 [main] DEBUG - Driver chromedriver 135.0.7049.84 found in cache
20:20:35.736 [main] INFO  - Exporting webdriver.chrome.driver as C:\Users\Admin\.cache\selenium\chromedriver\win64\135.0.7049.84\chromedriver.exe
20:20:38.160 [main] INFO  - Goto my account-->Click on Login.. 
20:20:39.351 [main] DEBUG - Parsing relationship: /xl/_rels/workbook.xml.rels
20:20:39.353 [main] DEBUG - Parsing relationship: /xl/worksheets/_rels/sheet1.xml.rels
20:20:39.355 [main] DEBUG - Parsing relationship: /_rels/.rels
20:20:39.378 [main] DEBUG - using default POIXMLDocumentPart for http://schemas.openxmlformats.org/officeDocument/2006/relationships/printerSettings
20:21:16.872 [main] DEBUG - Using WebDriverManager 6.0.1
20:21:17.186 [main] DEBUG - Resolution chrome=135 in cache (valid until 20:52:36 14/04/2025 IST)
20:21:17.188 [main] DEBUG - Resolution chrome135=135.0.7049.84 in cache (valid until 11:38:44 15/04/2025 IST)
20:21:17.188 [main] INFO  - Using chromedriver 135.0.7049.84 (resolved driver for Chrome 135)
20:21:17.197 [main] TRACE - Checking if chromedriver exists in cache
20:21:17.213 [main] TRACE - Filter cache by chromedriver -- input list [C:\Users\Admin\.cache\selenium\chromedriver\win64\124.0.6367.91\chromedriver.exe, C:\Users\Admin\.cache\selenium\chromedriver\win64\135.0.7049.84\chromedriver.exe, C:\Users\Admin\.cache\selenium\manager\0.4.20\selenium-manager.exe, C:\Users\Admin\.cache\selenium\resolution.properties, C:\Users\Admin\.cache\selenium\se-metadata.json] -- output list [C:\Users\Admin\.cache\selenium\chromedriver\win64\124.0.6367.91\chromedriver.exe, C:\Users\Admin\.cache\selenium\chromedriver\win64\135.0.7049.84\chromedriver.exe] 
20:21:17.213 [main] TRACE - Filter cache by 135.0.7049.84 -- input list [C:\Users\Admin\.cache\selenium\chromedriver\win64\124.0.6367.91\chromedriver.exe, C:\Users\Admin\.cache\selenium\chromedriver\win64\135.0.7049.84\chromedriver.exe] -- output list [C:\Users\Admin\.cache\selenium\chromedriver\win64\135.0.7049.84\chromedriver.exe] 
20:21:17.213 [main] TRACE - Filter cache by WIN -- input list [C:\Users\Admin\.cache\selenium\chromedriver\win64\135.0.7049.84\chromedriver.exe] -- output list [C:\Users\Admin\.cache\selenium\chromedriver\win64\135.0.7049.84\chromedriver.exe] 
20:21:17.215 [main] DEBUG - Driver chromedriver 135.0.7049.84 found in cache
20:21:17.216 [main] INFO  - Exporting webdriver.chrome.driver as C:\Users\Admin\.cache\selenium\chromedriver\win64\135.0.7049.84\chromedriver.exe
20:21:22.234 [main] INFO  - Goto my account-->Click on Login.. 
20:21:23.184 [main] INFO  - Entering email and password.. 
20:21:25.245 [main] INFO  - clicked on login button...
20:21:25.718 [main] DEBUG - Using WebDriverManager 6.0.1
20:21:25.744 [main] DEBUG - Resolution chrome=135 in cache (valid until 20:52:36 14/04/2025 IST)
20:21:25.745 [main] DEBUG - Resolution chrome135=135.0.7049.84 in cache (valid until 11:38:44 15/04/2025 IST)
20:21:25.745 [main] INFO  - Using chromedriver 135.0.7049.84 (resolved driver for Chrome 135)
20:21:25.751 [main] TRACE - Checking if chromedriver exists in cache
20:21:25.757 [main] TRACE - Filter cache by chromedriver -- input list [C:\Users\Admin\.cache\selenium\chromedriver\win64\124.0.6367.91\chromedriver.exe, C:\Users\Admin\.cache\selenium\chromedriver\win64\135.0.7049.84\chromedriver.exe, C:\Users\Admin\.cache\selenium\manager\0.4.20\selenium-manager.exe, C:\Users\Admin\.cache\selenium\resolution.properties, C:\Users\Admin\.cache\selenium\se-metadata.json] -- output list [C:\Users\Admin\.cache\selenium\chromedriver\win64\124.0.6367.91\chromedriver.exe, C:\Users\Admin\.cache\selenium\chromedriver\win64\135.0.7049.84\chromedriver.exe] 
20:21:25.758 [main] TRACE - Filter cache by 135.0.7049.84 -- input list [C:\Users\Admin\.cache\selenium\chromedriver\win64\124.0.6367.91\chromedriver.exe, C:\Users\Admin\.cache\selenium\chromedriver\win64\135.0.7049.84\chromedriver.exe] -- output list [C:\Users\Admin\.cache\selenium\chromedriver\win64\135.0.7049.84\chromedriver.exe] 
20:21:25.758 [main] TRACE - Filter cache by WIN -- input list [C:\Users\Admin\.cache\selenium\chromedriver\win64\135.0.7049.84\chromedriver.exe] -- output list [C:\Users\Admin\.cache\selenium\chromedriver\win64\135.0.7049.84\chromedriver.exe] 
20:21:25.759 [main] DEBUG - Driver chromedriver 135.0.7049.84 found in cache
20:21:25.760 [main] INFO  - Exporting webdriver.chrome.driver as C:\Users\Admin\.cache\selenium\chromedriver\win64\135.0.7049.84\chromedriver.exe
20:23:03.518 [main] DEBUG - Using WebDriverManager 6.0.1
20:23:03.983 [main] DEBUG - Resolution chrome=135 in cache (valid until 20:52:36 14/04/2025 IST)
20:23:03.985 [main] DEBUG - Resolution chrome135=135.0.7049.84 in cache (valid until 11:38:44 15/04/2025 IST)
20:23:03.986 [main] INFO  - Using chromedriver 135.0.7049.84 (resolved driver for Chrome 135)
20:23:03.995 [main] TRACE - Checking if chromedriver exists in cache
20:23:04.020 [main] TRACE - Filter cache by chromedriver -- input list [C:\Users\Admin\.cache\selenium\chromedriver\win64\124.0.6367.91\chromedriver.exe, C:\Users\Admin\.cache\selenium\chromedriver\win64\135.0.7049.84\chromedriver.exe, C:\Users\Admin\.cache\selenium\manager\0.4.20\selenium-manager.exe, C:\Users\Admin\.cache\selenium\resolution.properties, C:\Users\Admin\.cache\selenium\se-metadata.json] -- output list [C:\Users\Admin\.cache\selenium\chromedriver\win64\124.0.6367.91\chromedriver.exe, C:\Users\Admin\.cache\selenium\chromedriver\win64\135.0.7049.84\chromedriver.exe] 
20:23:04.021 [main] TRACE - Filter cache by 135.0.7049.84 -- input list [C:\Users\Admin\.cache\selenium\chromedriver\win64\124.0.6367.91\chromedriver.exe, C:\Users\Admin\.cache\selenium\chromedriver\win64\135.0.7049.84\chromedriver.exe] -- output list [C:\Users\Admin\.cache\selenium\chromedriver\win64\135.0.7049.84\chromedriver.exe] 
20:23:04.021 [main] TRACE - Filter cache by WIN -- input list [C:\Users\Admin\.cache\selenium\chromedriver\win64\135.0.7049.84\chromedriver.exe] -- output list [C:\Users\Admin\.cache\selenium\chromedriver\win64\135.0.7049.84\chromedriver.exe] 
20:23:04.023 [main] DEBUG - Driver chromedriver 135.0.7049.84 found in cache
20:23:04.030 [main] INFO  - Exporting webdriver.chrome.driver as C:\Users\Admin\.cache\selenium\chromedriver\win64\135.0.7049.84\chromedriver.exe
20:23:07.483 [main] INFO  - Goto my account-->Click on Login.. 
20:23:08.986 [main] INFO  - Entering email and password.. 
20:23:11.217 [main] INFO  - clicked on login button...
20:23:22.433 [main] DEBUG - Using WebDriverManager 6.0.1
20:23:22.485 [main] DEBUG - Resolution chrome=135 in cache (valid until 20:52:36 14/04/2025 IST)
20:23:22.488 [main] DEBUG - Resolution chrome135=135.0.7049.84 in cache (valid until 11:38:44 15/04/2025 IST)
20:23:22.489 [main] INFO  - Using chromedriver 135.0.7049.84 (resolved driver for Chrome 135)
20:23:22.501 [main] TRACE - Checking if chromedriver exists in cache
20:23:22.513 [main] TRACE - Filter cache by chromedriver -- input list [C:\Users\Admin\.cache\selenium\chromedriver\win64\124.0.6367.91\chromedriver.exe, C:\Users\Admin\.cache\selenium\chromedriver\win64\135.0.7049.84\chromedriver.exe, C:\Users\Admin\.cache\selenium\manager\0.4.20\selenium-manager.exe, C:\Users\Admin\.cache\selenium\resolution.properties, C:\Users\Admin\.cache\selenium\se-metadata.json] -- output list [C:\Users\Admin\.cache\selenium\chromedriver\win64\124.0.6367.91\chromedriver.exe, C:\Users\Admin\.cache\selenium\chromedriver\win64\135.0.7049.84\chromedriver.exe] 
20:23:22.513 [main] TRACE - Filter cache by 135.0.7049.84 -- input list [C:\Users\Admin\.cache\selenium\chromedriver\win64\124.0.6367.91\chromedriver.exe, C:\Users\Admin\.cache\selenium\chromedriver\win64\135.0.7049.84\chromedriver.exe] -- output list [C:\Users\Admin\.cache\selenium\chromedriver\win64\135.0.7049.84\chromedriver.exe] 
20:23:22.514 [main] TRACE - Filter cache by WIN -- input list [C:\Users\Admin\.cache\selenium\chromedriver\win64\135.0.7049.84\chromedriver.exe] -- output list [C:\Users\Admin\.cache\selenium\chromedriver\win64\135.0.7049.84\chromedriver.exe] 
20:23:22.515 [main] DEBUG - Driver chromedriver 135.0.7049.84 found in cache
20:23:22.517 [main] INFO  - Exporting webdriver.chrome.driver as C:\Users\Admin\.cache\selenium\chromedriver\win64\135.0.7049.84\chromedriver.exe
20:25:27.326 [main] DEBUG - Using WebDriverManager 6.0.1
20:25:27.673 [main] DEBUG - Resolution chrome=135 in cache (valid until 20:52:36 14/04/2025 IST)
20:25:27.674 [main] DEBUG - Resolution chrome135=135.0.7049.84 in cache (valid until 11:38:44 15/04/2025 IST)
20:25:27.674 [main] INFO  - Using chromedriver 135.0.7049.84 (resolved driver for Chrome 135)
20:25:27.680 [main] TRACE - Checking if chromedriver exists in cache
20:25:27.697 [main] TRACE - Filter cache by chromedriver -- input list [C:\Users\Admin\.cache\selenium\chromedriver\win64\124.0.6367.91\chromedriver.exe, C:\Users\Admin\.cache\selenium\chromedriver\win64\135.0.7049.84\chromedriver.exe, C:\Users\Admin\.cache\selenium\manager\0.4.20\selenium-manager.exe, C:\Users\Admin\.cache\selenium\resolution.properties, C:\Users\Admin\.cache\selenium\se-metadata.json] -- output list [C:\Users\Admin\.cache\selenium\chromedriver\win64\124.0.6367.91\chromedriver.exe, C:\Users\Admin\.cache\selenium\chromedriver\win64\135.0.7049.84\chromedriver.exe] 
20:25:27.698 [main] TRACE - Filter cache by 135.0.7049.84 -- input list [C:\Users\Admin\.cache\selenium\chromedriver\win64\124.0.6367.91\chromedriver.exe, C:\Users\Admin\.cache\selenium\chromedriver\win64\135.0.7049.84\chromedriver.exe] -- output list [C:\Users\Admin\.cache\selenium\chromedriver\win64\135.0.7049.84\chromedriver.exe] 
20:25:27.698 [main] TRACE - Filter cache by WIN -- input list [C:\Users\Admin\.cache\selenium\chromedriver\win64\135.0.7049.84\chromedriver.exe] -- output list [C:\Users\Admin\.cache\selenium\chromedriver\win64\135.0.7049.84\chromedriver.exe] 
20:25:27.699 [main] DEBUG - Driver chromedriver 135.0.7049.84 found in cache
20:25:27.700 [main] INFO  - Exporting webdriver.chrome.driver as C:\Users\Admin\.cache\selenium\chromedriver\win64\135.0.7049.84\chromedriver.exe
20:25:30.354 [main] INFO  - Goto my account-->Click on Login.. 
20:25:31.789 [main] INFO  - Entering email and password.. 
20:25:32.099 [main] INFO  - clicked on login button...
20:30:05.282 [main] INFO  - Goto my account-->Click on Login.. 
20:30:06.939 [main] INFO  - Entering email and password.. 
20:30:07.377 [main] INFO  - clicked on login button...
20:36:24.134 [main] DEBUG - Using WebDriverManager 6.0.1
20:36:24.611 [main] DEBUG - Resolution chrome=135 in cache (valid until 20:52:36 14/04/2025 IST)
20:36:24.613 [main] DEBUG - Resolution chrome135=135.0.7049.84 in cache (valid until 11:38:44 15/04/2025 IST)
20:36:24.613 [main] INFO  - Using chromedriver 135.0.7049.84 (resolved driver for Chrome 135)
20:36:24.620 [main] TRACE - Checking if chromedriver exists in cache
20:36:24.644 [main] TRACE - Filter cache by chromedriver -- input list [C:\Users\Admin\.cache\selenium\chromedriver\win64\124.0.6367.91\chromedriver.exe, C:\Users\Admin\.cache\selenium\chromedriver\win64\135.0.7049.84\chromedriver.exe, C:\Users\Admin\.cache\selenium\manager\0.4.20\selenium-manager.exe, C:\Users\Admin\.cache\selenium\manager\0.4.31\selenium-manager.exe, C:\Users\Admin\.cache\selenium\resolution.properties, C:\Users\Admin\.cache\selenium\se-metadata.json] -- output list [C:\Users\Admin\.cache\selenium\chromedriver\win64\124.0.6367.91\chromedriver.exe, C:\Users\Admin\.cache\selenium\chromedriver\win64\135.0.7049.84\chromedriver.exe] 
20:36:24.644 [main] TRACE - Filter cache by 135.0.7049.84 -- input list [C:\Users\Admin\.cache\selenium\chromedriver\win64\124.0.6367.91\chromedriver.exe, C:\Users\Admin\.cache\selenium\chromedriver\win64\135.0.7049.84\chromedriver.exe] -- output list [C:\Users\Admin\.cache\selenium\chromedriver\win64\135.0.7049.84\chromedriver.exe] 
20:36:24.644 [main] TRACE - Filter cache by WIN -- input list [C:\Users\Admin\.cache\selenium\chromedriver\win64\135.0.7049.84\chromedriver.exe] -- output list [C:\Users\Admin\.cache\selenium\chromedriver\win64\135.0.7049.84\chromedriver.exe] 
20:36:24.645 [main] DEBUG - Driver chromedriver 135.0.7049.84 found in cache
20:36:24.646 [main] INFO  - Exporting webdriver.chrome.driver as C:\Users\Admin\.cache\selenium\chromedriver\win64\135.0.7049.84\chromedriver.exe
20:36:28.158 [main] INFO  - Goto my account-->Click on Login.. 
20:36:29.511 [main] INFO  - Entering email and password.. 
20:36:30.998 [main] INFO  - clicked on login button...
20:38:21.700 [main] DEBUG - Using WebDriverManager 6.0.1
20:38:22.075 [main] DEBUG - Resolution chrome=135 in cache (valid until 20:52:36 14/04/2025 IST)
20:38:22.075 [main] DEBUG - Resolution chrome135=135.0.7049.84 in cache (valid until 11:38:44 15/04/2025 IST)
20:38:22.077 [main] INFO  - Using chromedriver 135.0.7049.84 (resolved driver for Chrome 135)
20:38:22.082 [main] TRACE - Checking if chromedriver exists in cache
20:38:22.106 [main] TRACE - Filter cache by chromedriver -- input list [C:\Users\Admin\.cache\selenium\chromedriver\win64\124.0.6367.91\chromedriver.exe, C:\Users\Admin\.cache\selenium\chromedriver\win64\135.0.7049.84\chromedriver.exe, C:\Users\Admin\.cache\selenium\manager\0.4.20\selenium-manager.exe, C:\Users\Admin\.cache\selenium\manager\0.4.31\selenium-manager.exe, C:\Users\Admin\.cache\selenium\resolution.properties, C:\Users\Admin\.cache\selenium\se-metadata.json] -- output list [C:\Users\Admin\.cache\selenium\chromedriver\win64\124.0.6367.91\chromedriver.exe, C:\Users\Admin\.cache\selenium\chromedriver\win64\135.0.7049.84\chromedriver.exe] 
20:38:22.106 [main] TRACE - Filter cache by 135.0.7049.84 -- input list [C:\Users\Admin\.cache\selenium\chromedriver\win64\124.0.6367.91\chromedriver.exe, C:\Users\Admin\.cache\selenium\chromedriver\win64\135.0.7049.84\chromedriver.exe] -- output list [C:\Users\Admin\.cache\selenium\chromedriver\win64\135.0.7049.84\chromedriver.exe] 
20:38:22.106 [main] TRACE - Filter cache by WIN -- input list [C:\Users\Admin\.cache\selenium\chromedriver\win64\135.0.7049.84\chromedriver.exe] -- output list [C:\Users\Admin\.cache\selenium\chromedriver\win64\135.0.7049.84\chromedriver.exe] 
20:38:22.108 [main] DEBUG - Driver chromedriver 135.0.7049.84 found in cache
20:38:22.110 [main] INFO  - Exporting webdriver.chrome.driver as C:\Users\Admin\.cache\selenium\chromedriver\win64\135.0.7049.84\chromedriver.exe
20:38:25.522 [main] INFO  - Goto my account-->Click on Login.. 
20:38:27.066 [main] INFO  - Entering email and password.. 
20:38:27.490 [main] INFO  - clicked on login button...
00:00:31.738 [main] DEBUG - Using WebDriverManager 6.0.1
00:00:32.091 [main] DEBUG - Removing resolution chrome=135 from cache (expired on 2025-04-14T20:52:36.000+0530)
00:00:32.098 [main] TRACE - Reading online commands.properties to find out driver version
00:00:32.109 [main] DEBUG - ex-0000000001 preparing request execution
00:00:32.120 [main] DEBUG - ex-0000000001 target auth state: UNCHALLENGED
00:00:32.121 [main] DEBUG - ex-0000000001 proxy auth state: UNCHALLENGED
00:00:32.121 [main] DEBUG - ex-0000000001 acquiring connection with route {s}->[https://raw.githubusercontent.com:443]
00:00:32.121 [main] DEBUG - ex-0000000001 acquiring endpoint (3 MINUTES)
00:00:32.122 [main] DEBUG - ex-0000000001 endpoint lease request (3 MINUTES) [route: {s}->[https://raw.githubusercontent.com:443]][total available: 0; route allocated: 0 of 5; total allocated: 0 of 25]
00:00:32.126 [main] DEBUG - ex-0000000001 endpoint leased [route: {s}->[https://raw.githubusercontent.com:443]][total available: 0; route allocated: 1 of 5; total allocated: 1 of 25]
00:00:32.141 [main] DEBUG - ex-0000000001 acquired ep-0000000001
00:00:32.141 [main] DEBUG - ex-0000000001 acquired endpoint ep-0000000001
00:00:32.141 [main] DEBUG - ex-0000000001 opening connection {s}->[https://raw.githubusercontent.com:443]
00:00:32.142 [main] DEBUG - ep-0000000001 connecting endpoint (null)
00:00:32.143 [main] DEBUG - ep-0000000001 connecting endpoint to https://raw.githubusercontent.com:443 (30 SECONDS)
00:00:32.144 [main] DEBUG - raw.githubusercontent.com resolving remote address
00:00:32.153 [main] DEBUG - raw.githubusercontent.com resolved to [raw.githubusercontent.com/185.199.111.133, raw.githubusercontent.com/185.199.109.133, raw.githubusercontent.com/185.199.108.133, raw.githubusercontent.com/185.199.110.133]
00:00:32.154 [main] DEBUG - https://raw.githubusercontent.com:443 connecting null->raw.githubusercontent.com/185.199.111.133:443 (30 SECONDS)
00:00:32.173 [main] DEBUG - http-outgoing-0 https://raw.githubusercontent.com:443 connected /192.168.1.18:57659->raw.githubusercontent.com/185.199.111.133:443
00:00:32.174 [main] DEBUG - http-outgoing-0 set socket timeout to 3 MINUTES
00:00:32.175 [main] DEBUG - http-outgoing-0 https://raw.githubusercontent.com:443 upgrading to TLS
00:00:32.241 [main] DEBUG - Enabled protocols: [TLSv1.3, TLSv1.2]
00:00:32.243 [main] DEBUG - Enabled cipher suites: [TLS_AES_256_GCM_SHA384, TLS_AES_128_GCM_SHA256, TLS_CHACHA20_POLY1305_SHA256, TLS_ECDHE_ECDSA_WITH_AES_256_GCM_SHA384, TLS_ECDHE_ECDSA_WITH_AES_128_GCM_SHA256, TLS_ECDHE_ECDSA_WITH_CHACHA20_POLY1305_SHA256, TLS_ECDHE_RSA_WITH_AES_256_GCM_SHA384, TLS_ECDHE_RSA_WITH_CHACHA20_POLY1305_SHA256, TLS_ECDHE_RSA_WITH_AES_128_GCM_SHA256, TLS_DHE_RSA_WITH_AES_256_GCM_SHA384, TLS_DHE_RSA_WITH_CHACHA20_POLY1305_SHA256, TLS_DHE_DSS_WITH_AES_256_GCM_SHA384, TLS_DHE_RSA_WITH_AES_128_GCM_SHA256, TLS_DHE_DSS_WITH_AES_128_GCM_SHA256, TLS_ECDHE_ECDSA_WITH_AES_256_CBC_SHA384, TLS_ECDHE_RSA_WITH_AES_256_CBC_SHA384, TLS_ECDHE_ECDSA_WITH_AES_128_CBC_SHA256, TLS_ECDHE_RSA_WITH_AES_128_CBC_SHA256, TLS_DHE_RSA_WITH_AES_256_CBC_SHA256, TLS_DHE_DSS_WITH_AES_256_CBC_SHA256, TLS_DHE_RSA_WITH_AES_128_CBC_SHA256, TLS_DHE_DSS_WITH_AES_128_CBC_SHA256, TLS_ECDH_ECDSA_WITH_AES_256_GCM_SHA384, TLS_ECDH_RSA_WITH_AES_256_GCM_SHA384, TLS_ECDH_ECDSA_WITH_AES_128_GCM_SHA256, TLS_ECDH_RSA_WITH_AES_128_GCM_SHA256, TLS_ECDH_ECDSA_WITH_AES_256_CBC_SHA384, TLS_ECDH_RSA_WITH_AES_256_CBC_SHA384, TLS_ECDH_ECDSA_WITH_AES_128_CBC_SHA256, TLS_ECDH_RSA_WITH_AES_128_CBC_SHA256, TLS_ECDHE_ECDSA_WITH_AES_256_CBC_SHA, TLS_ECDHE_RSA_WITH_AES_256_CBC_SHA, TLS_ECDHE_ECDSA_WITH_AES_128_CBC_SHA, TLS_ECDHE_RSA_WITH_AES_128_CBC_SHA, TLS_DHE_RSA_WITH_AES_256_CBC_SHA, TLS_DHE_DSS_WITH_AES_256_CBC_SHA, TLS_DHE_RSA_WITH_AES_128_CBC_SHA, TLS_DHE_DSS_WITH_AES_128_CBC_SHA, TLS_ECDH_ECDSA_WITH_AES_256_CBC_SHA, TLS_ECDH_RSA_WITH_AES_256_CBC_SHA, TLS_ECDH_ECDSA_WITH_AES_128_CBC_SHA, TLS_ECDH_RSA_WITH_AES_128_CBC_SHA, TLS_RSA_WITH_AES_256_GCM_SHA384, TLS_RSA_WITH_AES_128_GCM_SHA256, TLS_RSA_WITH_AES_256_CBC_SHA256, TLS_RSA_WITH_AES_128_CBC_SHA256, TLS_RSA_WITH_AES_256_CBC_SHA, TLS_RSA_WITH_AES_128_CBC_SHA, TLS_EMPTY_RENEGOTIATION_INFO_SCSV]
00:00:32.243 [main] DEBUG - Starting handshake (null)
00:00:32.336 [main] DEBUG - Secure session established
00:00:32.336 [main] DEBUG -  negotiated protocol: TLSv1.3
00:00:32.336 [main] DEBUG -  negotiated cipher suite: TLS_AES_128_GCM_SHA256
00:00:32.338 [main] DEBUG -  peer principal: CN=*.github.io
00:00:32.339 [main] DEBUG -  peer alternative names: [*.github.io, *.github.com, *.githubusercontent.com, github.com, github.io, githubusercontent.com, www.github.com]
00:00:32.339 [main] DEBUG -  issuer principal: CN=Sectigo RSA Domain Validation Secure Server CA, O=Sectigo Limited, L=Salford, ST=Greater Manchester, C=GB
00:00:32.339 [main] DEBUG - http-outgoing-0 https://raw.githubusercontent.com:443 upgraded to TLS
00:00:32.339 [main] DEBUG - ep-0000000001 connected http-outgoing-0
00:00:32.339 [main] DEBUG - ep-0000000001 endpoint connected
00:00:32.339 [main] DEBUG - ex-0000000001 executing GET /bonigarcia/webdrivermanager/master/src/main/resources/commands.properties
