11:25:15.154 [main] DEBUG - http-outgoing-1 << "[0xffffff99][0xffffffdb]_[0x7][0xffffffbb]1n*[0xffffff9f][0x13]>[0xffffff8d][0xffffff9f][0x8][0xffffff8e][0xfffffffd]>L[0xffffffa1][0xffffffb9][0xffffffc7]f[0xffffffc5][0xffffff92]&[0xffffff9a][0x3][0xffffffad]4[0xffffffe5][0xffffffe6]f[0xffffffb4][0xffffff9d]l&~[0x1e]tu[0xfffffff7][0xffffff85][0xfffffff3]?[0xffffff85][0xffffffb6]^8[0x1][0xffffffd4]o[0xffffffbc][0xfffffff4][0xfffffffb].C[0xffffffa9][0xffffffb1][0xfffffff2]T[0xffffff88][0xffffff91][0xfffffff6]U[0xffffffa7]P[0xffffffcd][0xffffffcc][0xffffffc5]H[0x7][0xffffff95]L[0xffffffcf][0xffffffec][0xfffffffb][0xffffffbd][0xffffff96][0xffffffd6]cz[0xffffffe2][0xfffffff1]<[0xffffffa0]y[0xffffff8f][0xffffffe5]}][0xffffffb3]^[0xffffffcc][0xffffffff][0xffffffc6][0xb]9[0x17][0x3]9G[0x3]9W[0xffffffbe][0xffffffda][0xffffffda][0xffffffc1][0xffffffea]([0xffffffeb]DSD[0x5]XD[0xfffffffd][0x11][0x1b][0xc][0x16][0x18]k[0xffffffe2]4X[0x1f]mO{J[0xffffffd9][0xffffffdc][\n]"
11:25:15.163 [main] DEBUG - http-outgoing-1 << "[0xffffffe9]"[0xfffffff6][0xffffff93][0xffffffa7][0xffffff85]v#[0xffffff86][0xffffffb3][0xffffffd9][0xffffffa9][0xffffffdf]L[0xffffffaa][0xffffffe4][0xffffffd5][0xffffffd4]D[0xffffffac])[0xffffffd4]`[0xffffffa7][0xffffffcb]V[0xffffffea]l4[0xffffffec]![0xffffffb5][0xffffffca][0xf][0xffffffa2][0xffffffa5][\r][0xffffffa4][0xffffffca]o[0x1f]-[0xffffffef][0x1e][0x15][0xffffff9a][0xffffff80][0xffffffeb]5[0xffffff91]j^[0xffffffb7]P[0xfffffffd][0xffffffaf]Uf[0x10]I[0xb][0x13]M[0xffffffed]V^[0x7][0xffffffa6][0xffffffec][0xffffffaa][0xffffffdf]-[0xffffffaa][0xffffff95][0x13]t[0x7][0xffffffd1][0xffffffc2][0xffffffca][0xfffffff3][0x15];_[0xffffffad],[0xffffffb7][0xffffffbe][0xffffffaa][0xffffffdc]k[0xffffffa0]\[0xffffffd2]A[0xffffffac][0xffffff8d][0x14][0xffffffce][0x1a]V[0xffffff9a][0xffffffed][0xffffff9d][\r]t[0xffffff90]J[0xb]9[0xfffffff4][0xffffffe0]r[0xffffff84]VzpZ[0xffffff98]h[0xffffffda][0xffffffb7][0x12][0x6][0xc][0xffffffe5]_[0xfffffff8][0xffffff99][0xffffffdf][0xffffff99][0xffffffdb][0xffffff97][0xffffff9f][0xffffffcc]5[0xf]O_H4[0xffffffdf]=[0xffffffd4][0x0][0xffffffe5][0xffffff9f]H[0xfffffffe][0xffffffcb][0xffffff9e][0x10][0xb]'([0xfffffffd][0xffffffde][0xb][0xffffff9c][0xffffffec][0xffffffdd][0xe]X[0xffffff90][0xffffffbc]c$[0xffffff94][0xffffffac][0x15]s[0xfffffffb]#[0x7f][0xffffffdd]'[0xffffffb3]p[0xfffffff2][0xffffff98][0xffffffb9][0xfffffff0][0xffffffea][0xffffffc1]u[0xffffffcb][\n]"
11:25:15.163 [main] DEBUG - http-outgoing-1 << "[0xffffffdf][0xffffffba][0xffffffde][0xffffffab][0xfffffffc][0xffffff95][0xffffffeb]U[0xffffffe4]`s[0xffffffc5][0xfffffff4][0xffffffdb][0xfffffff2]M[0xffffffb3][0xfffffff7][0xffffff9a][0xffffffd7][0xfffffffe][0xffffffa5];[0xffffff89][0xffffffab][0xfffffffc][0xffffffcd][0xfffffff4][0x5][0xc][0xffffffc0][0xffffffef]5[0xffffffb3][0xffffffff][0x1b][0xffffffa9][0xffffffba]!`[0xffffffbf][0x17]7Z[0xffffffb6][0xffffffe7][0xffffff9b][0xfffffff3]FK[0xffffffdf]kF[0xfffffffa][0xffffffce]~^[0xfffffffe][0xffffffde][0xffffffcd]H[0xfffffffb][0xffffffbc][0xffffffc7][0xffffffe2][0x7f][0xffffffdb][0x1f][0xffffff8c][0xfffffffb][0xffffffeb]!'][0xfffffffd][0xffffffb9][0xffffffab]y[0xffffffe8][0xfffffff0]'[0xffffffbb][0xffffff9f]j[0xfffffff9][0x7][0xfffffffb][0xffffffdb][0xffffffa2][0xffffffb7][0x11][0xfffffff2][0xffffff9f][0xffffff9b][0xffffffb2][0xffffff95][0xffffffeb][0xffffffbc]<[0xffffffff]6V[0xffffff95][0xffffffe4]@[0xffffff9b]+[0xffffffe1][0xffffffb7]3[0x3]n[0x10][0xffffffef]'[0xffffff88]<[0x1b][0xffffff8a]9n^:[0xffffff93][0x1c][0xfffffff3][0xffffffc5]vS[0xffffffb3]`>[0xffffffc9][0xffffffd2]dt[0xfffffff9][0xffffff93][0x15][0x1f]l[0x4][0x1c][0xffffffc8][0xffffffaa][0x8]V[0xfffffff5][0xffffffd0][0xfffffffd][0xffffffd6]_3O[0xfffffffb]5;c[0xffffff9b][0xffffff88]][0xfffffff5]w[0x9]XB[0x4]t[0xffffffcd][0x11][0xfffffff9][0xfffffff3]W1[0xffffffb4][0xffffff97] zW?[0xffffffa6][0xffffffb4][0xffffffa7][0xfffffff2][0xffffff83][0xffffffee]'I4[0xffffffef][0xffffffdc][0xffffffc0][0x13]9[0xffffffeb]\@F[0xffffffcc][0x17]9[0xffffffe3]L[0xffffffa9]D[0xffffff90]E[0xffffffae][0xffffffe9][0xffffffe6][0x12]_[0xffffffd2][0xffffffbd][0xffffff88]q[0xffffffba][0x6]'[0xffffffe1][0xc][0xffffffb3]!BNx[0xffffff83][0x2][0xffffffa2]a[0xffffff85]8[0xffffff98]q[0xffffffe7][\r][0xfffffff8]]i29Cdk_[0xffffffa5][0xffffffb0]F[0xffffffce]![0x17][0xffffffd0][0x1f][0xffffffa7][0xffffffb0][0xb]p[0xffffff84][0xffffffd9][0xffffff8f][0xffffff9c][0xffffffbf].y+O[0xfffffff5][0xffffffc1]~[0xfffffff7][0xffffff84]s[0xffffffd7][0xffffffd9][0xffffffca][0x19]\V[0xffffff9e][0xffffff88][0xffffffc3][0x1f])"[0xffffffbb][0xffffffdc][0xffffffa7][0xfffffff8]b[0xffffffea][0xfffffff1]-[0xfffffffc]$[0xffffffd1][0xffffffac]u[0x3][0xf]H`[0xffffffa1][0xffffff9c]6[0xffffffff]4n[0xffffffae][0x18]][0x7f][0xfffffff0][0xffffffbb][0xffffffb6][0xffffffc3]][0xffffffee][0x1d][0xffffffd5]>[0xe]T[0xfffffff5][0xffffff98][0xffffffe9].[0xffffff99]m[0xffffffed][0xffffffe9][0xffffffec]i[0x3][0xffffffcb]E*z[0xfffffff1][0xffffffce]3[0xffffffcb][0xffffffaf][0xffffffec][0x1f][0xffffff90][0xffffffe9][0xffffffb0]R[0xffffffe1]f[0xffffffd5][0x19][0xffffffa3]&[0xffffffcf]3[0xffffffc5][0xffffff99]b[0xffffff90][0xffffff9b][0xffffffb0][0x1a]8W7t$[0xffffffab]J[0x15]krYR[0xffffffa5]XCnz"n[0xffffffea][0xffffffa6][0xfffffff8][0x13][0xffffffc5][0xffffff9b]l1[0xffffffc3]_J'[0xffffffb5][0xffffff9f][0xffffffe0][0xffffffef][0xffffffa4][0x15]7g[0xfffffff9]T[0xffffff8c]u[0xffffffac]j^[0x1][0xffffffcd][0xffffffd4][0xffffffd2][0xffffff8c][0xffffffdb][0xffffffd5][0xffffff98][0xffffff8b][0xffffffbb][0xffffff8e][0x16][0xffffff9b][0xffffffaa]c[0xfffffff1][0xffffffa7]][0xffffffb1][0xffffff84][0xffffffa9]j[0x12]n[0x7][0xffffff84][0xffffffec] l[0x14]m)o[0xffffffda]Ve[0xffffffae][0xffffff94][0xffffffa6]j[0xffffffe5][0xffffffee][0xffffffc7][0xffffffe2][0xffffffb6][0xfffffff3][0x1f]\[\r][0xfffffffb][0xffffffa9]:[0xfffffff6][0xffffffd4][0x17]s`n[0xffffffec][0xffffffb9]m[0xffffffd4][0xffffff91][0xffffffd0][0xffffffd2][0xffffffed]t[0xffffff84][0xffffff9d][0xffffffd4]f[0x9][0x1f][0xffffffaf]W[0xffffffd0][0xffffff86]u[0xffffffb3][0xffffffd5]z[0xffffffd9][0xffffffb0]Rv[0xffffffbd]B6[0xffffffac][0xffffff8b][0xffffffad][0xffffffd6][0xffffffc3][0xffffff86][0xffffffb5]0[0xffffffee][0xffffffab]\[0xffffffa9]G[0xffffffb1]q[0xffffffad][0xfffffffe][0xffffffc5][0xffffffea][0x17]w[0xffffffe8][0xffffffb8][0x7f][0xffffffb6][0x3]f[0xffffffd1][0x0][0xffffff87]X[0xffffffff][0xffffffe6][0xfffffff6][0xffffffd9][0x1e][0xffffffd0][0xffffff85][0xffffffbc]vS[0xffffffe8]YB[0xffffff97][0xffffffc7][0xffffffe2][0xffffffb2][[0xffffffc0][0x2]f[0x14][0xfffffff3][0xffffff97][0xffffffac][0xffffffca][0xffffffa6][0xffffffd0][0xffffffd1].[0xffffffbc][0xffffff94][0xffffffb5][0xffffffd6][0xffffff91][0xfffffff2]3n[0xffffff93]2s[0x18][0xffffffc1]+[0xffffff98][0xffffff97][0x1d][0xffffffc0][0x17][0xffffffc8]U[0xffffff9f][0xffffffc2][0x3][0xffffff98][0xffffff8f][0xffffffb1]vM[0xffffff86]:[0xffffff86][0xffffffb5][0xffffff93][0xffffff9b][0xffffff9e] [0xfffffffa]17[0xffffffe0]M&[0xffffffcc][0xffffffbf]6[0xffffff80][0xfffffff5]9[0xffffffe2][0xffffffdb][0x14][0xffffffd2][0xffffffd8][0x12][0xffffffef][0xffffff9c][0xfffffff2][0xffffffce][0x14]|[0xffffffeb][0x16][0xffffffbe][0xffffffb2]T-[0xffffff81][0xfffffff7][0xffffff85]][0xffffffd9][0xffffffe6][0x13][0xfffffff6]]Rm[0x11][0xffffff92]c[0xffffffce][0xffffffab][0xffffff91][0xfffffff8]%[0xffffffbb][0x0][0xffffffe4][0xfffffff6]#[0xfffffff0][0xffffffaa][0x9]P[0xfffffff8][0x0]l[0xffffffaa][0xffffff93][0xffffff85][0xffffffba]I&W+[0xffffffab]<[0xfffffff2][0xffffff9e]<wx[0xffffff9b]x[0xffffff94][0xffffffdd][0x11][0xffffffb6]6[0xffffffc2][0xffffffd3][\r][0x7f][0xffffffaf][0xffffffcb][0xffffffb6]*[0xfffffffe]d[0xfffffff4]3q[0xffffffa6]M[0xffffffd8][0xffffffef]T<~[0x13][0xffffff96]J[0xe]?[0xffffff85]e[0xffffff92][0xffffffbf][0xffffffb3][0xffffffa2]O[0xffffffe6]~[0xc][0xfffffffb][0xffffffa3][0xffffffed]m[0xfffffff9][0xffffffcc][0xffffff89]6w,k[0xffffff8b]eg[0xffffffdb]>k[0xffffffa2]m[0xffffffcd][0x7f][0xffffff88][0xffffffb5]3[0xffffffb8][0xffffffab][0xfffffffd][0xffffffbb][0xffffffbb]*[0xffffffb7].2.G[0xffffffdd][0xffffffc0][0xffffffd8]k`/[0x11][0xffffffa1][0x1][0xe][0x10][0x1][0xb]H[\n]"
11:25:15.163 [main] DEBUG - http-outgoing-1 << "[0x19]ju[0xffffffa5][0xffffff9d][0xffffffcb][\r][0xffffffcf]O[0xffffff89][0xffffff83][0x6])[0xffffffe5]`A[0xffffffdd]~[0xffffff8a](U-[0xffffffea][0xffffff8c][0xffffffcc]6][0xffffffa6][0xffffff99].[0xffffffb8]$3M[0xffffffe2]r[0x6][0xffffff9f]n[0xffffffa0][0xffffffff]D[0xfffffffb]%[\r][0xffffffbc]5[0xffffffd6]fI[0x3][0x7f][0xffffffe4]VI[0xffffff81]o[0xffffffe6]FI[\n]"
11:25:15.163 [main] DEBUG - http-outgoing-1 << "[0xffffff8d][0xffffffd7][0xfffffff8][0xffffffce][0x4]Q[0xffffffa1][0xffffff86][0xffffffcf]$[0xffffffc8]Bj|Q[0x2][0xffffff8f][0xffffffa8]q[0xffffffe6]XH[0xffffffc6][0xffffffad][0xffffff99][0xffffff94][0xffffffdd][0x6][0xffffffe0][0xffffffd1][0xffffff95][0xffffffed][0xffffffb9]]*[0xffffff9f][0xf]$8S3[0xffffff88][0xc][0xffffff86][0xffffffd3][0xffffffe4][0xffffffda]x1hc[0xffffffe2]#[0x4]7]J[0xffffffde][0x7][0x5][0xb]\=E[0xffffff82]3[0xffffffb4][0x1e]}[0xffffff99]![0xfffffff1]$[0x6][0x9][0x17]8[0x9][0xffffffb7]XR[0xffffff9d]e[0xffffffa6][0xffffffb3][0xffffff94][0xfffffff0];[0xffffff9e][0xffffffc5][0xffffffc9]-[0xffffff81]'U~[0xffffffb7][0xffffffe9]J[0xfffffff5][0x8]n[0xffffffec][0x14][0xffffffb0].n[0xffffffeb]p[0xffffffb3]~[0xffffffb6][0xffffffef][0xffffffa2][0xffffff97][0xffffff8b]][0x5][0xffffffce][0xffffffc7][0xffffff9d][0xffffff9c][0xffffffc2]Ki[0x2][0xffffffd4][0xffffffeb][0xffffffbe]M[0x11]'[0x1b][0xffffff9d][0xffffffac][0xffffffc0][0xffffffc9][0xc]^Q[0xffffffc0]#L[0xffffffb2]i[0xffffffb4]-[0xffffff9a]A[0xfffffffb][0xffffff8d][0xffffff8f]b[\r][0xffffffa4][0x13][0xb][0xffffffe9][[0xffffff9c]([0x17][0xffffffce]G[0xfffffff0][0xfffffffd][0xffffffd2]k[0xffffffd2][0xffffff9f][0xffffffa8][0xffffffbd]rw[0xffffffd6]*[0xffffff96][0xffffffcd][0x10][0xffffffc9]&[0xffffffd0][0xffffffe0]l?[0xfffffff6][0x1a]4[0xfffffff8]07[0xffffff85]([0xffffffaf]L[0xffffffd2][0xffffff8a][0xffffffa0][0xffffffb3][0x12][0xffffffe8][[0xffffffbe][0xffffff8c]t[0x2]'[0xffffff99]\[0xffffffda]q'[0xffffffa0]~b[0x7f][0xffffff86]>[0xffffffda]t[0xffffff88][0xffffffe2]9[0xffffffac][0xffffffa9][0xfffffffb]{[0x2][0xfffffff4][0xffffffa9][0x14]Os[0xffffffd8][0x12][0xffffffa2][0xffffffc7][0xffffffec][0xffffffca][0xfffffffe]*[0xffffff99]0[0xffffffa6][0xffffffb7][0xffffffb0][0xffffffa3]D[0xffffffdb]K[0xffffff8d][0xffffffd7][0x1a][0xffffffcf][0xffffffc1][0xffffff8d][0xffffffa5][0x12]vd[0xfffffff0][0xffffffa7]B[0xffffffa7][0xffffff98][0xffffffe8][0x14][0xffffffd4]W![0xffffffbb]aT[0xffffffaf][0xffffffb4]?[0xffffff9b]k[0xf][0xffffff89][0xfffffffd][0xffffffae][\n]"
11:25:15.163 [main] DEBUG - http-outgoing-1 << "[0xffffffb9]Z[0xc][0xffffffe4]el[0xffffff8f][0xffffff91][0xffffffb9][0xffffffd6]8O[0xffffff8a][0xffffffd3][0xffffffcc][0x6]g[0xffffffc9][0xffffff81][0x7f][0xffffffd4]P[0xe]dc[0xffffffd1][0xfffffff4][0xffffffca][0xfffffffe],[0xffffffbb]Iu[0xffffff96]h![0xf][0xffffffa7][0x1d][0xffffffc3]9[\n]"
11:25:15.163 [main] DEBUG - http-outgoing-1 << "[0xffffff9d][0xffffff83][0xffffffd6]C[0xffffffed]$@[0xffffffb1]Z[0xffffffda])[0xffffffe1][0xffffffb9][0x9][0xffffffbc][0xffffffb6]F[0xffffffce]M[0xffffffab])u[0xffffff8a]L[0x1d][0xffffffb7][0x8][0xffffff92])[0xffffffa1][0x1b]CT[0x1e][0xfffffffb][\n]"
11:25:15.163 [main] DEBUG - http-outgoing-1 << "[0x6];j[0xffffff9b][0xfffffff0]>[0xffffff9b]}[0xfffffffd][0xffffffe4][0x1b]qZ[[0xffffffff]y[0xffffff84][0x7f][0xfffffffe][0x3]PK[0x1]"
11:25:15.163 [main] DEBUG - http-outgoing-1 << "[0x2][0x14][0x0][0x14][0x0][0x0][0x0][0x8][0x0][0xffffffbd][0xffffff80][0xffffff98]XFP[0xffffffd3]s[0xffffffad][0xfffffffe][0x0][0x0][0xffffffb7][0x1c][0x6][0x0]'[0x0][0x0][0x0][0x0][0x0][0x0][0x0][0x0][0x0][0x0][0x0][0xffffffb6][0xffffff81][0x0][0x0][0x0][0x0]chromedriver-win64/LICENSE.chromedriverPK[0x1][0x2][0x14][0x0][0x14][0x0][0x0][0x0][0x8][0x0][0xffffffbd][0xffffff80][0xffffff98]X[0xfffffff0][0xffffffc9][0xffffffbe]S[0xffffffd0][0xffffffdb][0xffffff82][0x0][0x0]<[0x5][0x1]#[0x0][0x0][0x0][0x0][0x0][0x0][0x0][0x0][0x0][0x0][0x0][0xffffffff][0xffffff81][0xfffffff2][0xfffffffe][0x0][0x0]chromedriver-win64/chromedriver.exePK[0x5][0x6][0x0][0x0][0x0][0x0][0x2][0x0][0x2][0x0][0xffffffa6][0x0][0x0][0x0][0x3][0xffffffdb][0xffffff83][0x0][0x0][0x0]"
11:25:15.164 [main] DEBUG - ep-0000000002 releasing valid endpoint
11:25:15.164 [main] DEBUG - ep-0000000002 releasing endpoint
11:25:15.164 [main] DEBUG - ep-0000000002 connection http-outgoing-1 can be kept alive for 3 MINUTES
11:25:15.164 [main] DEBUG - ep-0000000002 connection released [route: {s}->[https://storage.googleapis.com:443]][total available: 2; route allocated: 1 of 5; total allocated: 2 of 25]
11:25:15.165 [main] INFO  - Extracting driver from compressed file chromedriver-win64.zip
11:25:15.166 [main] TRACE - Unzipping chromedriver-win64/LICENSE.chromedriver (size: 400567 KB, compressed size: 65197 KB)
11:25:15.170 [main] TRACE - Unzipping chromedriver-win64/chromedriver.exe (size: 17120256 KB, compressed size: 8575952 KB)
11:25:15.311 [main] TRACE - Deleting file C:\Users\Admin\AppData\Local\Temp\10920212976206341367\chromedriver-win64.zip
11:25:15.316 [main] TRACE - Found driver in post-download: C:\Users\Admin\AppData\Local\Temp\10920212976206341367\chromedriver-win64\chromedriver.exe
11:25:15.316 [main] TRACE - Deleting file C:\Users\Admin\AppData\Local\Temp\10920212976206341367\chromedriver-win64\LICENSE.chromedriver
11:25:15.318 [main] TRACE - Deleting folder C:\Users\Admin\AppData\Local\Temp\10920212976206341367
11:25:15.323 [main] TRACE - Driver after extraction C:\Users\Admin\.cache\selenium\chromedriver\win64\124.0.6367.91\chromedriver.exe
11:25:15.324 [main] INFO  - Exporting webdriver.chrome.driver as C:\Users\Admin\.cache\selenium\chromedriver\win64\124.0.6367.91\chromedriver.exe
11:26:15.112 [main] DEBUG - Using WebDriverManager 6.0.1
11:26:15.471 [main] DEBUG - Resolution chrome=135 in cache (valid until 12:20:27 13/04/2025 IST)
11:26:15.472 [main] DEBUG - Resolution chrome135=135.0.7049.84 in cache (valid until 11:20:27 14/04/2025 IST)
11:26:15.473 [main] INFO  - Using chromedriver 135.0.7049.84 (resolved driver for Chrome 135)
11:26:15.479 [main] TRACE - Checking if chromedriver exists in cache
11:26:15.496 [main] TRACE - Filter cache by chromedriver -- input list [C:\Users\Admin\.cache\selenium\chromedriver\win64\124.0.6367.91\chromedriver.exe, C:\Users\Admin\.cache\selenium\chromedriver\win64\135.0.7049.84\chromedriver.exe, C:\Users\Admin\.cache\selenium\manager\0.4.20\selenium-manager.exe, C:\Users\Admin\.cache\selenium\resolution.properties, C:\Users\Admin\.cache\selenium\se-metadata.json] -- output list [C:\Users\Admin\.cache\selenium\chromedriver\win64\124.0.6367.91\chromedriver.exe, C:\Users\Admin\.cache\selenium\chromedriver\win64\135.0.7049.84\chromedriver.exe] 
11:26:15.496 [main] TRACE - Filter cache by 135.0.7049.84 -- input list [C:\Users\Admin\.cache\selenium\chromedriver\win64\124.0.6367.91\chromedriver.exe, C:\Users\Admin\.cache\selenium\chromedriver\win64\135.0.7049.84\chromedriver.exe] -- output list [C:\Users\Admin\.cache\selenium\chromedriver\win64\135.0.7049.84\chromedriver.exe] 
11:26:15.496 [main] TRACE - Filter cache by WIN -- input list [C:\Users\Admin\.cache\selenium\chromedriver\win64\135.0.7049.84\chromedriver.exe] -- output list [C:\Users\Admin\.cache\selenium\chromedriver\win64\135.0.7049.84\chromedriver.exe] 
11:26:15.498 [main] DEBUG - Driver chromedriver 135.0.7049.84 found in cache
11:26:15.500 [main] INFO  - Exporting webdriver.chrome.driver as C:\Users\Admin\.cache\selenium\chromedriver\win64\135.0.7049.84\chromedriver.exe
11:31:03.431 [main] DEBUG - Using WebDriverManager 6.0.1
11:31:03.790 [main] DEBUG - Resolution chrome=135 in cache (valid until 12:20:27 13/04/2025 IST)
11:31:03.791 [main] DEBUG - Resolution chrome135=135.0.7049.84 in cache (valid until 11:20:27 14/04/2025 IST)
11:31:03.793 [main] INFO  - Using chromedriver 135.0.7049.84 (resolved driver for Chrome 135)
11:31:03.798 [main] TRACE - Checking if chromedriver exists in cache
11:31:03.818 [main] TRACE - Filter cache by chromedriver -- input list [C:\Users\Admin\.cache\selenium\chromedriver\win64\124.0.6367.91\chromedriver.exe, C:\Users\Admin\.cache\selenium\chromedriver\win64\135.0.7049.84\chromedriver.exe, C:\Users\Admin\.cache\selenium\manager\0.4.20\selenium-manager.exe, C:\Users\Admin\.cache\selenium\resolution.properties, C:\Users\Admin\.cache\selenium\se-metadata.json] -- output list [C:\Users\Admin\.cache\selenium\chromedriver\win64\124.0.6367.91\chromedriver.exe, C:\Users\Admin\.cache\selenium\chromedriver\win64\135.0.7049.84\chromedriver.exe] 
11:31:03.819 [main] TRACE - Filter cache by 135.0.7049.84 -- input list [C:\Users\Admin\.cache\selenium\chromedriver\win64\124.0.6367.91\chromedriver.exe, C:\Users\Admin\.cache\selenium\chromedriver\win64\135.0.7049.84\chromedriver.exe] -- output list [C:\Users\Admin\.cache\selenium\chromedriver\win64\135.0.7049.84\chromedriver.exe] 
11:31:03.819 [main] TRACE - Filter cache by WIN -- input list [C:\Users\Admin\.cache\selenium\chromedriver\win64\135.0.7049.84\chromedriver.exe] -- output list [C:\Users\Admin\.cache\selenium\chromedriver\win64\135.0.7049.84\chromedriver.exe] 
11:31:03.820 [main] DEBUG - Driver chromedriver 135.0.7049.84 found in cache
11:31:03.821 [main] INFO  - Exporting webdriver.chrome.driver as C:\Users\Admin\.cache\selenium\chromedriver\win64\135.0.7049.84\chromedriver.exe
11:32:30.721 [main] DEBUG - Using WebDriverManager 6.0.1
11:32:31.074 [main] DEBUG - Resolution chrome=135 in cache (valid until 12:20:27 13/04/2025 IST)
11:32:31.075 [main] DEBUG - Resolution chrome135=135.0.7049.84 in cache (valid until 11:20:27 14/04/2025 IST)
11:32:31.076 [main] INFO  - Using chromedriver 135.0.7049.84 (resolved driver for Chrome 135)
11:32:31.084 [main] TRACE - Checking if chromedriver exists in cache
11:32:31.104 [main] TRACE - Filter cache by chromedriver -- input list [C:\Users\Admin\.cache\selenium\chromedriver\win64\124.0.6367.91\chromedriver.exe, C:\Users\Admin\.cache\selenium\chromedriver\win64\135.0.7049.84\chromedriver.exe, C:\Users\Admin\.cache\selenium\manager\0.4.20\selenium-manager.exe, C:\Users\Admin\.cache\selenium\resolution.properties, C:\Users\Admin\.cache\selenium\se-metadata.json] -- output list [C:\Users\Admin\.cache\selenium\chromedriver\win64\124.0.6367.91\chromedriver.exe, C:\Users\Admin\.cache\selenium\chromedriver\win64\135.0.7049.84\chromedriver.exe] 
11:32:31.104 [main] TRACE - Filter cache by 135.0.7049.84 -- input list [C:\Users\Admin\.cache\selenium\chromedriver\win64\124.0.6367.91\chromedriver.exe, C:\Users\Admin\.cache\selenium\chromedriver\win64\135.0.7049.84\chromedriver.exe] -- output list [C:\Users\Admin\.cache\selenium\chromedriver\win64\135.0.7049.84\chromedriver.exe] 
11:32:31.104 [main] TRACE - Filter cache by WIN -- input list [C:\Users\Admin\.cache\selenium\chromedriver\win64\135.0.7049.84\chromedriver.exe] -- output list [C:\Users\Admin\.cache\selenium\chromedriver\win64\135.0.7049.84\chromedriver.exe] 
11:32:31.105 [main] DEBUG - Driver chromedriver 135.0.7049.84 found in cache
11:32:31.106 [main] INFO  - Exporting webdriver.chrome.driver as C:\Users\Admin\.cache\selenium\chromedriver\win64\135.0.7049.84\chromedriver.exe
11:41:49.747 [main] DEBUG - Using WebDriverManager 6.0.1
11:41:50.068 [main] DEBUG - Resolution chrome=135 in cache (valid until 12:20:27 13/04/2025 IST)
11:41:50.069 [main] DEBUG - Resolution chrome135=135.0.7049.84 in cache (valid until 11:20:27 14/04/2025 IST)
11:41:50.070 [main] INFO  - Using chromedriver 135.0.7049.84 (resolved driver for Chrome 135)
11:41:50.078 [main] TRACE - Checking if chromedriver exists in cache
11:41:50.099 [main] TRACE - Filter cache by chromedriver -- input list [C:\Users\Admin\.cache\selenium\chromedriver\win64\124.0.6367.91\chromedriver.exe, C:\Users\Admin\.cache\selenium\chromedriver\win64\135.0.7049.84\chromedriver.exe, C:\Users\Admin\.cache\selenium\manager\0.4.20\selenium-manager.exe, C:\Users\Admin\.cache\selenium\resolution.properties, C:\Users\Admin\.cache\selenium\se-metadata.json] -- output list [C:\Users\Admin\.cache\selenium\chromedriver\win64\124.0.6367.91\chromedriver.exe, C:\Users\Admin\.cache\selenium\chromedriver\win64\135.0.7049.84\chromedriver.exe] 
11:41:50.099 [main] TRACE - Filter cache by 135.0.7049.84 -- input list [C:\Users\Admin\.cache\selenium\chromedriver\win64\124.0.6367.91\chromedriver.exe, C:\Users\Admin\.cache\selenium\chromedriver\win64\135.0.7049.84\chromedriver.exe] -- output list [C:\Users\Admin\.cache\selenium\chromedriver\win64\135.0.7049.84\chromedriver.exe] 
11:41:50.100 [main] TRACE - Filter cache by WIN -- input list [C:\Users\Admin\.cache\selenium\chromedriver\win64\135.0.7049.84\chromedriver.exe] -- output list [C:\Users\Admin\.cache\selenium\chromedriver\win64\135.0.7049.84\chromedriver.exe] 
11:41:50.101 [main] DEBUG - Driver chromedriver 135.0.7049.84 found in cache
11:41:50.103 [main] INFO  - Exporting webdriver.chrome.driver as C:\Users\Admin\.cache\selenium\chromedriver\win64\135.0.7049.84\chromedriver.exe
11:41:53.679 [main] INFO  - Goto my account-->Click on Login.. 
11:41:55.188 [main] INFO  - Entering email and password.. 
11:41:55.653 [main] INFO  - clicked on login button...
11:42:52.496 [main] DEBUG - Using WebDriverManager 6.0.1
11:42:52.869 [main] DEBUG - Resolution chrome=135 in cache (valid until 12:20:27 13/04/2025 IST)
11:42:52.870 [main] DEBUG - Resolution chrome135=135.0.7049.84 in cache (valid until 11:20:27 14/04/2025 IST)
11:42:52.871 [main] INFO  - Using chromedriver 135.0.7049.84 (resolved driver for Chrome 135)
11:42:52.878 [main] TRACE - Checking if chromedriver exists in cache
11:42:52.900 [main] TRACE - Filter cache by chromedriver -- input list [C:\Users\Admin\.cache\selenium\chromedriver\win64\124.0.6367.91\chromedriver.exe, C:\Users\Admin\.cache\selenium\chromedriver\win64\135.0.7049.84\chromedriver.exe, C:\Users\Admin\.cache\selenium\manager\0.4.20\selenium-manager.exe, C:\Users\Admin\.cache\selenium\resolution.properties, C:\Users\Admin\.cache\selenium\se-metadata.json] -- output list [C:\Users\Admin\.cache\selenium\chromedriver\win64\124.0.6367.91\chromedriver.exe, C:\Users\Admin\.cache\selenium\chromedriver\win64\135.0.7049.84\chromedriver.exe] 
11:42:52.901 [main] TRACE - Filter cache by 135.0.7049.84 -- input list [C:\Users\Admin\.cache\selenium\chromedriver\win64\124.0.6367.91\chromedriver.exe, C:\Users\Admin\.cache\selenium\chromedriver\win64\135.0.7049.84\chromedriver.exe] -- output list [C:\Users\Admin\.cache\selenium\chromedriver\win64\135.0.7049.84\chromedriver.exe] 
11:42:52.901 [main] TRACE - Filter cache by WIN -- input list [C:\Users\Admin\.cache\selenium\chromedriver\win64\135.0.7049.84\chromedriver.exe] -- output list [C:\Users\Admin\.cache\selenium\chromedriver\win64\135.0.7049.84\chromedriver.exe] 
11:42:52.902 [main] DEBUG - Driver chromedriver 135.0.7049.84 found in cache
11:42:52.903 [main] INFO  - Exporting webdriver.chrome.driver as C:\Users\Admin\.cache\selenium\chromedriver\win64\135.0.7049.84\chromedriver.exe
11:42:55.175 [main] INFO  - Goto my account-->Click on Login.. 
11:42:56.247 [main] INFO  - Entering email and password.. 
11:42:56.645 [main] INFO  - clicked on login button...
12:23:52.245 [main] DEBUG - Using WebDriverManager 6.0.1
12:23:52.721 [main] DEBUG - Removing resolution chrome=135 from cache (expired on 2025-04-13T12:20:27.000+0530)
12:23:52.739 [main] TRACE - Reading online commands.properties to find out driver version
12:23:52.762 [main] DEBUG - ex-0000000001 preparing request execution
12:23:52.784 [main] DEBUG - ex-0000000001 target auth state: UNCHALLENGED
12:23:52.786 [main] DEBUG - ex-0000000001 proxy auth state: UNCHALLENGED
12:23:52.786 [main] DEBUG - ex-0000000001 acquiring connection with route {s}->[https://raw.githubusercontent.com:443]
12:23:52.786 [main] DEBUG - ex-0000000001 acquiring endpoint (3 MINUTES)
12:23:52.789 [main] DEBUG - ex-0000000001 endpoint lease request (3 MINUTES) [route: {s}->[https://raw.githubusercontent.com:443]][total available: 0; route allocated: 0 of 5; total allocated: 0 of 25]
12:23:52.794 [main] DEBUG - ex-0000000001 endpoint leased [route: {s}->[https://raw.githubusercontent.com:443]][total available: 0; route allocated: 1 of 5; total allocated: 1 of 25]
12:23:52.833 [main] DEBUG - ex-0000000001 acquired ep-0000000001
12:23:52.833 [main] DEBUG - ex-0000000001 acquired endpoint ep-0000000001
12:23:52.833 [main] DEBUG - ex-0000000001 opening connection {s}->[https://raw.githubusercontent.com:443]
12:23:52.834 [main] DEBUG - ep-0000000001 connecting endpoint (null)
12:23:52.837 [main] DEBUG - ep-0000000001 connecting endpoint to https://raw.githubusercontent.com:443 (30 SECONDS)
12:23:52.843 [main] DEBUG - raw.githubusercontent.com resolving remote address
12:23:52.923 [main] DEBUG - raw.githubusercontent.com resolved to [raw.githubusercontent.com/185.199.108.133, raw.githubusercontent.com/185.199.111.133, raw.githubusercontent.com/185.199.110.133, raw.githubusercontent.com/185.199.109.133]
12:23:52.923 [main] DEBUG - https://raw.githubusercontent.com:443 connecting null->raw.githubusercontent.com/185.199.108.133:443 (30 SECONDS)
12:23:52.932 [main] DEBUG - http-outgoing-0 https://raw.githubusercontent.com:443 connected /192.168.1.2:54600->raw.githubusercontent.com/185.199.108.133:443
12:23:52.932 [main] DEBUG - http-outgoing-0 set socket timeout to 3 MINUTES
12:23:52.932 [main] DEBUG - http-outgoing-0 https://raw.githubusercontent.com:443 upgrading to TLS
12:23:53.002 [main] DEBUG - Enabled protocols: [TLSv1.3, TLSv1.2]
12:23:53.003 [main] DEBUG - Enabled cipher suites: [TLS_AES_256_GCM_SHA384, TLS_AES_128_GCM_SHA256, TLS_CHACHA20_POLY1305_SHA256, TLS_ECDHE_ECDSA_WITH_AES_256_GCM_SHA384, TLS_ECDHE_ECDSA_WITH_AES_128_GCM_SHA256, TLS_ECDHE_ECDSA_WITH_CHACHA20_POLY1305_SHA256, TLS_ECDHE_RSA_WITH_AES_256_GCM_SHA384, TLS_ECDHE_RSA_WITH_CHACHA20_POLY1305_SHA256, TLS_ECDHE_RSA_WITH_AES_128_GCM_SHA256, TLS_DHE_RSA_WITH_AES_256_GCM_SHA384, TLS_DHE_RSA_WITH_CHACHA20_POLY1305_SHA256, TLS_DHE_DSS_WITH_AES_256_GCM_SHA384, TLS_DHE_RSA_WITH_AES_128_GCM_SHA256, TLS_DHE_DSS_WITH_AES_128_GCM_SHA256, TLS_ECDHE_ECDSA_WITH_AES_256_CBC_SHA384, TLS_ECDHE_RSA_WITH_AES_256_CBC_SHA384, TLS_ECDHE_ECDSA_WITH_AES_128_CBC_SHA256, TLS_ECDHE_RSA_WITH_AES_128_CBC_SHA256, TLS_DHE_RSA_WITH_AES_256_CBC_SHA256, TLS_DHE_DSS_WITH_AES_256_CBC_SHA256, TLS_DHE_RSA_WITH_AES_128_CBC_SHA256, TLS_DHE_DSS_WITH_AES_128_CBC_SHA256, TLS_ECDH_ECDSA_WITH_AES_256_GCM_SHA384, TLS_ECDH_RSA_WITH_AES_256_GCM_SHA384, TLS_ECDH_ECDSA_WITH_AES_128_GCM_SHA256, TLS_ECDH_RSA_WITH_AES_128_GCM_SHA256, TLS_ECDH_ECDSA_WITH_AES_256_CBC_SHA384, TLS_ECDH_RSA_WITH_AES_256_CBC_SHA384, TLS_ECDH_ECDSA_WITH_AES_128_CBC_SHA256, TLS_ECDH_RSA_WITH_AES_128_CBC_SHA256, TLS_ECDHE_ECDSA_WITH_AES_256_CBC_SHA, TLS_ECDHE_RSA_WITH_AES_256_CBC_SHA, TLS_ECDHE_ECDSA_WITH_AES_128_CBC_SHA, TLS_ECDHE_RSA_WITH_AES_128_CBC_SHA, TLS_DHE_RSA_WITH_AES_256_CBC_SHA, TLS_DHE_DSS_WITH_AES_256_CBC_SHA, TLS_DHE_RSA_WITH_AES_128_CBC_SHA, TLS_DHE_DSS_WITH_AES_128_CBC_SHA, TLS_ECDH_ECDSA_WITH_AES_256_CBC_SHA, TLS_ECDH_RSA_WITH_AES_256_CBC_SHA, TLS_ECDH_ECDSA_WITH_AES_128_CBC_SHA, TLS_ECDH_RSA_WITH_AES_128_CBC_SHA, TLS_RSA_WITH_AES_256_GCM_SHA384, TLS_RSA_WITH_AES_128_GCM_SHA256, TLS_RSA_WITH_AES_256_CBC_SHA256, TLS_RSA_WITH_AES_128_CBC_SHA256, TLS_RSA_WITH_AES_256_CBC_SHA, TLS_RSA_WITH_AES_128_CBC_SHA, TLS_EMPTY_RENEGOTIATION_INFO_SCSV]
12:23:53.003 [main] DEBUG - Starting handshake (null)
12:23:53.161 [main] DEBUG - Secure session established
12:23:53.161 [main] DEBUG -  negotiated protocol: TLSv1.3
12:23:53.161 [main] DEBUG -  negotiated cipher suite: TLS_AES_128_GCM_SHA256
12:23:53.163 [main] DEBUG -  peer principal: CN=*.github.io
12:23:53.163 [main] DEBUG -  peer alternative names: [*.github.io, *.github.com, *.githubusercontent.com, github.com, github.io, githubusercontent.com, www.github.com]
12:23:53.163 [main] DEBUG -  issuer principal: CN=Sectigo RSA Domain Validation Secure Server CA, O=Sectigo Limited, L=Salford, ST=Greater Manchester, C=GB
12:23:53.164 [main] DEBUG - http-outgoing-0 https://raw.githubusercontent.com:443 upgraded to TLS
12:23:53.164 [main] DEBUG - ep-0000000001 connected http-outgoing-0
12:23:53.164 [main] DEBUG - ep-0000000001 endpoint connected
12:23:53.165 [main] DEBUG - ex-0000000001 executing GET /bonigarcia/webdrivermanager/master/src/main/resources/commands.properties
12:23:53.165 [main] DEBUG - ex-0000000001 Cookie spec selected: strict
12:23:53.182 [main] DEBUG - ep-0000000001 start execution ex-0000000001
12:23:53.186 [main] DEBUG - ep-0000000001 executing exchange ex-0000000001 over http-outgoing-0
12:23:53.189 [main] DEBUG - http-outgoing-0 >> GET /bonigarcia/webdrivermanager/master/src/main/resources/commands.properties HTTP/1.1
12:23:53.189 [main] DEBUG - http-outgoing-0 >> user-agent: Apache-HttpClient/5.0
12:23:53.189 [main] DEBUG - http-outgoing-0 >> accept-encoding: gzip, deflate, br
12:23:53.189 [main] DEBUG - http-outgoing-0 >> cache-control: max-age=0
12:23:53.189 [main] DEBUG - http-outgoing-0 >> connection: keep-alive
12:23:53.189 [main] DEBUG - http-outgoing-0 >> Host: raw.githubusercontent.com
12:23:53.190 [main] DEBUG - http-outgoing-0 >> "GET /bonigarcia/webdrivermanager/master/src/main/resources/commands.properties HTTP/1.1[\r][\n]"
12:23:53.190 [main] DEBUG - http-outgoing-0 >> "user-agent: Apache-HttpClient/5.0[\r][\n]"
12:23:53.190 [main] DEBUG - http-outgoing-0 >> "accept-encoding: gzip, deflate, br[\r][\n]"
12:23:53.190 [main] DEBUG - http-outgoing-0 >> "cache-control: max-age=0[\r][\n]"
12:23:53.190 [main] DEBUG - http-outgoing-0 >> "connection: keep-alive[\r][\n]"
12:23:53.190 [main] DEBUG - http-outgoing-0 >> "Host: raw.githubusercontent.com[\r][\n]"
12:23:53.190 [main] DEBUG - http-outgoing-0 >> "[\r][\n]"
12:23:53.202 [main] DEBUG - http-outgoing-0 << "HTTP/1.1 200 OK[\r][\n]"
12:23:53.203 [main] DEBUG - http-outgoing-0 << "Connection: keep-alive[\r][\n]"
12:23:53.203 [main] DEBUG - http-outgoing-0 << "Content-Length: 946[\r][\n]"
12:23:53.203 [main] DEBUG - http-outgoing-0 << "Cache-Control: max-age=300[\r][\n]"
12:23:53.203 [main] DEBUG - http-outgoing-0 << "Content-Security-Policy: default-src 'none'; style-src 'unsafe-inline'; sandbox[\r][\n]"
12:23:53.203 [main] DEBUG - http-outgoing-0 << "Content-Type: text/plain; charset=utf-8[\r][\n]"
12:23:53.203 [main] DEBUG - http-outgoing-0 << "ETag: W/"dc0c32cea2dfa86f6cf10513cf8a64e1e8817484a415b658b4eecd962d4deaee"[\r][\n]"
12:23:53.204 [main] DEBUG - http-outgoing-0 << "Strict-Transport-Security: max-age=31536000[\r][\n]"
12:23:53.204 [main] DEBUG - http-outgoing-0 << "X-Content-Type-Options: nosniff[\r][\n]"
12:23:53.204 [main] DEBUG - http-outgoing-0 << "X-Frame-Options: deny[\r][\n]"
12:23:53.205 [main] DEBUG - http-outgoing-0 << "X-XSS-Protection: 1; mode=block[\r][\n]"
12:23:53.205 [main] DEBUG - http-outgoing-0 << "X-GitHub-Request-Id: 1F35:57ABD:3CFA53:8C4703:67DC83E3[\r][\n]"
12:23:53.205 [main] DEBUG - http-outgoing-0 << "Content-Encoding: gzip[\r][\n]"
12:23:53.205 [main] DEBUG - http-outgoing-0 << "Accept-Ranges: bytes[\r][\n]"
12:23:53.205 [main] DEBUG - http-outgoing-0 << "Date: Sun, 13 Apr 2025 06:53:54 GMT[\r][\n]"
12:23:53.205 [main] DEBUG - http-outgoing-0 << "Via: 1.1 varnish[\r][\n]"
12:23:53.206 [main] DEBUG - http-outgoing-0 << "X-Served-By: cache-maa10241-MAA[\r][\n]"
12:23:53.206 [main] DEBUG - http-outgoing-0 << "X-Cache: HIT[\r][\n]"
12:23:53.206 [main] DEBUG - http-outgoing-0 << "X-Cache-Hits: 1[\r][\n]"
12:23:53.206 [main] DEBUG - http-outgoing-0 << "X-Timer: S1744527234.241057,VS0,VE1[\r][\n]"
12:23:53.206 [main] DEBUG - http-outgoing-0 << "Vary: Authorization,Accept-Encoding,Origin[\r][\n]"
12:23:53.206 [main] DEBUG - http-outgoing-0 << "Access-Control-Allow-Origin: *[\r][\n]"
12:23:53.206 [main] DEBUG - http-outgoing-0 << "Cross-Origin-Resource-Policy: cross-origin[\r][\n]"
12:23:53.206 [main] DEBUG - http-outgoing-0 << "X-Fastly-Request-ID: 0eab8a5f7dadca1696a30b0161b3f6bf78415191[\r][\n]"
12:23:53.206 [main] DEBUG - http-outgoing-0 << "Expires: Sun, 13 Apr 2025 06:58:54 GMT[\r][\n]"
12:23:53.206 [main] DEBUG - http-outgoing-0 << "Source-Age: 51[\r][\n]"
12:23:53.206 [main] DEBUG - http-outgoing-0 << "[\r][\n]"
12:23:53.213 [main] DEBUG - http-outgoing-0 << HTTP/1.1 200 OK
12:23:53.213 [main] DEBUG - http-outgoing-0 << Connection: keep-alive
12:23:53.213 [main] DEBUG - http-outgoing-0 << Content-Length: 946
12:23:53.213 [main] DEBUG - http-outgoing-0 << Cache-Control: max-age=300
12:23:53.213 [main] DEBUG - http-outgoing-0 << Content-Security-Policy: default-src 'none'; style-src 'unsafe-inline'; sandbox
12:23:53.213 [main] DEBUG - http-outgoing-0 << Content-Type: text/plain; charset=utf-8
12:23:53.214 [main] DEBUG - http-outgoing-0 << ETag: W/"dc0c32cea2dfa86f6cf10513cf8a64e1e8817484a415b658b4eecd962d4deaee"
12:23:53.214 [main] DEBUG - http-outgoing-0 << Strict-Transport-Security: max-age=31536000
12:23:53.214 [main] DEBUG - http-outgoing-0 << X-Content-Type-Options: nosniff
12:23:53.214 [main] DEBUG - http-outgoing-0 << X-Frame-Options: deny
12:23:53.214 [main] DEBUG - http-outgoing-0 << X-XSS-Protection: 1; mode=block
12:23:53.214 [main] DEBUG - http-outgoing-0 << X-GitHub-Request-Id: 1F35:57ABD:3CFA53:8C4703:67DC83E3
12:23:53.214 [main] DEBUG - http-outgoing-0 << Content-Encoding: gzip
12:23:53.214 [main] DEBUG - http-outgoing-0 << Accept-Ranges: bytes
12:23:53.214 [main] DEBUG - http-outgoing-0 << Date: Sun, 13 Apr 2025 06:53:54 GMT
12:23:53.214 [main] DEBUG - http-outgoing-0 << Via: 1.1 varnish
12:23:53.214 [main] DEBUG - http-outgoing-0 << X-Served-By: cache-maa10241-MAA
12:23:53.214 [main] DEBUG - http-outgoing-0 << X-Cache: HIT
12:23:53.214 [main] DEBUG - http-outgoing-0 << X-Cache-Hits: 1
12:23:53.214 [main] DEBUG - http-outgoing-0 << X-Timer: S1744527234.241057,VS0,VE1
12:23:53.214 [main] DEBUG - http-outgoing-0 << Vary: Authorization,Accept-Encoding,Origin
12:23:53.214 [main] DEBUG - http-outgoing-0 << Access-Control-Allow-Origin: *
12:23:53.216 [main] DEBUG - http-outgoing-0 << Cross-Origin-Resource-Policy: cross-origin
12:23:53.216 [main] DEBUG - http-outgoing-0 << X-Fastly-Request-ID: 0eab8a5f7dadca1696a30b0161b3f6bf78415191
12:23:53.216 [main] DEBUG - http-outgoing-0 << Expires: Sun, 13 Apr 2025 06:58:54 GMT
12:23:53.216 [main] DEBUG - http-outgoing-0 << Source-Age: 51
12:23:53.223 [main] DEBUG - ex-0000000001 connection can be kept alive for 3 MINUTES
12:23:53.245 [main] DEBUG - http-outgoing-0 << "[0x1f][0xffffff8b][0x8][0x0][0x0][0x0][0x0][0x0][0x0][0x3][0xffffffb5]X[0xffffffd1]n[0xffffffda]0[0x14]}[0xffffffe7]+,[0xffffffba]J [0x11][0xffffffb2][0x1][0xffffffeb][0xffffffaa]Jy[0xffffffa0][0x19]e[0xffffffd5][0xffffffa8]`[0xffffffd0]v[0xffffff9b][0xffffffe4][0x17][0xffffff93]8`)[0xffffff89]Q[0xffffff9c]@[0xffffffb7][0xffffffa9][0xfffffffb][0xfffffff6]9NB[0xffffffe3]$[0xc]H[0xffffffe0][0xffffffad][0xffffff8e][0xffffff8f][0xffffffef]97[0xffffffdc]s}[0xffffffd3][0xb][0xffffffa0]S[0xffffffc7]A[0xffffffae][0xffffffc9][0xffffff80][0xffffff89]|4G[0xc][0xffffffd7].[0xffffffc0][0xffffffe3][0xffffff92]0`[0x11][0x1b][0x3][0xffffff83][0xffffffba]>".[0x3][0xfffffffe]2\[0xffffffc4]P[0xffffff9f][0xffffff82]9[0x6][0xfffffff8][0x5][0x1b][0xffffff81][0xffffff8f]M@\[0xffffffb1][0xffffffcd][0xffffff96][0xffffffd8][0xffffffb6][0xffffffc3][0x5][0xfffffff5]L[0xffffffec][0xffffff85] [0x13][0xfffffffb][0xffffffd8][0xfffffff0][0xffffffc5][0xffffffe6][0x1a]{[0xffffff8c]P[0xffffffbe]g[0x1][0xffffffcc][0xffffffff]^x[0x18][0xffffffbb]`[0xffffffee][0xffffffd1][\r][0xffffffe3][0x1b][0xffffff9c][0xffffffb2][0xffffffa1]/=[0xffffffea][0xffffffe0][0x16][0xffffffb8]#[0x1e][0xffffffb6][0xffffffe8]K[0xb][0xffffff8c]W[0xffffffd8]C-00[0x17][0xfffffffc][0xffffffa9][0xffffffd8]%[0xffffff81][0xffffffd3][0xc][0xffffffe3][0xffffff9b][0xffffffc4][0xffffffb2][0xffffffb0][0xffffff87]][0x1f][0xffffffd0][0x10][0xffffffe3][0x13]w[0x1][0xffffffd8]/[0xffffffe6]c[0xffffff87][0xffffff81][0xffffffc6]w[0xffffffe2][0xffffff9a]<j[0xb][0xffffff8c][0xffffff88][0x1b][0xfffffff0]0[0xf][0xffffffc8][0x0][0xffffffe3]Y[0xffffffb3][0xffffffc6]9"[0xffffff8a]Z[0xffffff9c]F[0xffffffdb][0x10][0xffffffcb][0xfffffff6]&:[0xffffffd0]~[0xffffffff]A3[0x1c][0xffffffb3][0xffffffcd][0xffffffb3][0x2][0xffffffaa][0xe]6[0xe]1[0xffffffc4]+[0x11][0xffffffaf]a[0xffffffb3][0xffffffe4]|[0xffffffc0]E[0xe][0xffffffd6][0xffffffea][0xffffff97][0xffffff93][0xffffffe9]x8[0xffffffed]?[0xffffffdc][0xffffffdd][0xffffff8f][0x6][0xffffffb3][0x1b][0xffffffa8]Ax[0x9][0xffffffe1][0xffffff90][0xffffffd2][0xffffff85][0xffffff8d]![0xffffff8c]( [0xffffffec][0xffffffaf]V61[0xffffffb8]4[0xffffffea]B[0x18][0x13][0xfffffff1][0xffffffc8]u[0xffffffb0][0xffffffc0]>x[0xffffff8e][0xffffffdf][0xffffff85][0xffffffba]Fv[0xffffffb0][O[0xffffffa7][0xffffff84][0xffffff9e][0xffffffc6][0xffffff8f][0xffffffeb][0xffffffab][0xffffffe6]9Eu[0xf][0x14]5[0x1a][0xffffffeb][0xfffffffd]Q[0x7f]2[0xfffffff9][0xffffffdc][0x7f][0xffffffec][0xffffff9f]SOO[0xffffff9b][0xe][0xffffff86][0xffffffe0][0xffffffdb][0xffffffd3]`[0xfffffffa][0x13]|[0xfffffff9][0xffffffaa]?[0xffffffc1][0x19][0xffffffb5][0xfffffffc][\r][0xfffffff2]p[0xffffffc2][0x16][0xffffff93][0xffffffdd][0xffffff8e]n12D[0xffffffbc][0xffffffa4][0x16]w[0xffffffc6][0xfffffffc][0xffffffa8][0xffffffad][0xffffffe8][0xffffff86]c[0xffffffc2]z[0x16][0xffffffa9]*[0xffffffb1]I@c[0xffffff88]}[0xffffffe5][0xffffff9e][0x17][0x1a][0xffffffa8][0xffffffbf][0xfffffffb][0xffffff83][0xffffffdd][0xfffffff5]M:[0xffffffcd][0xffffffd7][0xc]e:[0xffffffbd]Tv[0xffffffcd]v[0xffffff9c][0xffffffda][0xffffffbd]k[0xffffffd1][0xfffffff6][0xffffffc4][0xffffffa3]f`[0xfffffff8][0xffffffcf]{$][0x1d].)W[0xe][0xffffffe7][0xffffffd4][0xfffffff5][0xffffffa9][0xffffff9c][0xffffffae]SH[0xffffffca]j[0xffffffb2]C[0xffffffbf][0xffffff87].V[0x3][0xffffffe6][0xffffffa9]s[0xffffffe2][0xffffffaa][0xb][0xffffffc1][0xffffffa1]D[0xfffffffb]@Qv[0xfffffffc][0xffffffee][0xfffffff1][0xffffffc1][0xffffff8e][0xffffffb6][0xb][0xffffff9f]=[0xffffffe0] C[0xfffffff0][0xffffffa4]T35J([0xffffffee]1m[0xffffffb4]Z[0xffffffa9]:[0xffffffef][0xffffff9d][0xffffffbc]I1[0xffffff95][0xffffffb7][0xffffffa0][0xfffffff1]L[0x6][0xffffffa4][0xffffffa3][0xfffffff3][0xffffffce][0x14]7[0xffffffbd]-[0xffffff91][0x15][0xffffffad]O[0xffffffd3][0xffffff9b][0x1e][0xffffffe8]ob[0xffffffdb](![0xffffff81]0[0xffffff89][0xffffffbe][0xffffffcf]k9[0x15][0xffffff95];[0xffffffd2][0xffffffe9][0xffffffa4]tS[0xffffffbe][0xffffffaf][0xffffffcb][0xffffffc6][0xffffff8f]I[0xffffffb2]d[0xfffffff5][0xffffffd0][0xfffffffa]z[0xffffffe0][0xffffff85][0x17]G[0xffffffb6][0xffffffac]s[0xffffffe1]{[0xffffff95][0xfffffffc][0x16]1[0xffffffff][0xfffffffd] [0xffffffa5]w[0xffffff90][0xffffffbf]rB[0xffffff8e][0xffffffe8]E[0xffffffb2][0xffffffc1][0xffffff8e][0xffffffd7][0xffffff90][0x13][0xffffff91]wT[0xffffffbc][0x3][0xffffff94][0xfffffff5].pGKar[0xffffffa0]B[0xffffffe7][0xffffffc4][0xffffffbf]O[0xffffff91]g[0xffffffd2][0xffffffb1][0xffffffb8]M[0xffffffc2]Y`[0x1b][0x13][0xfffffff3]E5[0xffffff83][0xffffffc8][0xffffffa5]I[0xc][0xffffff8f]2^C[0x10][0xffffff86]4[0xffffff99][0xffffffdb][0xffffffc9]a[0xffffff82]n_[0xffffff99][0xffffffca][0xffffff9a][0xffffffca][0xffffffd8][0xffffffe5][0xffffff8c]r[0xffffffba];[0xffffffaf][0xffffffca]72[0xffffffc1][0xfffffff5][0xffffffbf][0xffffffbb]R[0xe]Y[0xffffffd2]&[0xffffffaf]Y[0xffffffc6]tr[0xffffffa9][0xffffffdc][0xe][0xffffffb2][0xffffff8c][0xffffffac][0xffffffa8][0xffffffa4]_[0x12][0xffffffe3]V[0xffffff97]U[0xffffff93][0xffffff85][0xffffffe5]=[0xffffffe4]$[0x1c]J[0x8]([0xffffffb8][0xffffff96][0xffffffd2][0xffffffe7]:[0xffffffda]N[0xffffffb8][0xffffff8c]/t[0xffffffd6]6[0x1d][0xffffffe1][0xffffff9c]"[0xffffff83][0xffffffc9][0x8] ]Jb[0x0][0xffffffdf][0xffffffb2][0xffffff88]Q[0xfffffffb]x[0xffffffbf][0x15][0xffffffcd][0xffffff81][0xfffffffc][0xffffff8d]-<[0xffffffe4]0[0x8][0x5][0x5][0xffffff84]Q[0xffffffec]}[0xffffffd5][0xffffff9c]QP[0xffffffc5]][0xffffffa7]QPe[0x16][0xffffff8e]ym[0x14][0xffffffb8][0x6][0xffffffc7][0x1e]K[0xffffffdd][0xffffffab][0xffffff90]|E[0xffffffea][0xffffffd2]7R[0xffffffc4]+[0xffffffd1][0x1e]d[0xfffffff0][0xc][0xffffffff][0x11][0xffffffa3][0xffffffb0]<[0xffffff9d][0xffffff9f][0xffffff88][0xffffffbf][0xfffffff4][0xffffffc8][0xffffffbb]-[0xffffffba]H[0xffffffc8][[0xffffffc9][0xffffff95]Qq][0xfffffff6]-[0xffffff94]S[0xffffff91][0xffffff91][0xffffff91][0xffffffef]j[0xffffffe2]yA3[0xffffff93][0xfffffff0][0x1d]-[0xb][0xffffffcb][0xffffffe0][\n]"
12:23:53.246 [main] DEBUG - http-outgoing-0 << "[0xffffffbb][0xffffff98][0x10]Z[0xffffffd4][0xffffffbc][0xffffffc6][0xffffffd9]`[0xffffffc9]7>[0x9][0x1c]yf[0xffffffe7][0xf]N[0xffffffd3][0xffffffba][0xffffff92][0xfffffff0][0x15]>^%-[0xffffff95]'[0xffffffea]S[0xb]:[0xffffffb4][0xffffffa7][0x15]5[0xffffff96]Sk)=]l[0xffffff85]T[0xfffffffe][0xffffffd4][0xffffff95][0xfffffff4]T[0xffffff9b]-[0xffffffce]$[0xffffffaa]t;[0xffffffac][0xffffffa4]'/([0xffffffdf][0x12][0xffffff92]-%[0xfffffffe]7[0xffffffdf][0xffffffae]/[0xfffffff0][0xffffffd4]in[0xffffff87][0xffffffe3][0xf]u[0xfffffff3][0xffffff94][0x7][0xffffff9c][0xffffffea]i[0x5][0xffffffe0]<[0xffffffba][0xffffffb0]#%[0xffffffaf][0xffffffae][0xffffffa8])[0xffffffe9][0x5]Q/[0xffffffc0][0xc]Y[0xffffffc8]#[0xffffffdb][0xfffffff0]L,[0xffffff8b][0xffffff83]G[0xffffffd0][0xffffffa2][0xffffffd0][0xffffffd1]N*[0xfffffff0]?l[0x1d]d@[0xffffffbe][0x15][0x0][0x0]"
12:23:53.248 [main] DEBUG - ep-0000000001 releasing valid endpoint
12:23:53.248 [main] DEBUG - ep-0000000001 releasing endpoint
12:23:53.249 [main] DEBUG - ep-0000000001 connection http-outgoing-0 can be kept alive for 3 MINUTES
12:23:53.250 [main] DEBUG - ep-0000000001 connection released [route: {s}->[https://raw.githubusercontent.com:443]][total available: 1; route allocated: 1 of 5; total allocated: 1 of 25]
12:23:53.250 [main] DEBUG - Detecting chrome version using online commands.properties
12:23:53.256 [main] DEBUG - Running command on the shell: [powershell.exe, -Command, (Get-Item "${env:PROGRAMFILES}\Google\Chrome\Application\chrome.exe").VersionInfo.ProductVersion]
12:23:54.445 [main] DEBUG - Result: 135.0.7049.85
12:23:54.445 [main] TRACE - Detected browser version is 135.0.7049.85
12:23:54.446 [main] DEBUG - Resolution chrome135=135.0.7049.84 in cache (valid until 11:20:27 14/04/2025 IST)
12:23:54.447 [main] INFO  - Using chromedriver 135.0.7049.84 (resolved driver for Chrome 135)
12:23:54.450 [main] DEBUG - Storing resolution chrome=135 in cache (valid until 13:23:54 13/04/2025 IST)
12:23:54.453 [main] TRACE - Checking if chromedriver exists in cache
12:23:54.479 [main] TRACE - Filter cache by chromedriver -- input list [C:\Users\Admin\.cache\selenium\chromedriver\win64\124.0.6367.91\chromedriver.exe, C:\Users\Admin\.cache\selenium\chromedriver\win64\135.0.7049.84\chromedriver.exe, C:\Users\Admin\.cache\selenium\manager\0.4.20\selenium-manager.exe, C:\Users\Admin\.cache\selenium\resolution.properties, C:\Users\Admin\.cache\selenium\se-metadata.json] -- output list [C:\Users\Admin\.cache\selenium\chromedriver\win64\124.0.6367.91\chromedriver.exe, C:\Users\Admin\.cache\selenium\chromedriver\win64\135.0.7049.84\chromedriver.exe] 
12:23:54.479 [main] TRACE - Filter cache by 135.0.7049.84 -- input list [C:\Users\Admin\.cache\selenium\chromedriver\win64\124.0.6367.91\chromedriver.exe, C:\Users\Admin\.cache\selenium\chromedriver\win64\135.0.7049.84\chromedriver.exe] -- output list [C:\Users\Admin\.cache\selenium\chromedriver\win64\135.0.7049.84\chromedriver.exe] 
12:23:54.479 [main] TRACE - Filter cache by WIN -- input list [C:\Users\Admin\.cache\selenium\chromedriver\win64\135.0.7049.84\chromedriver.exe] -- output list [C:\Users\Admin\.cache\selenium\chromedriver\win64\135.0.7049.84\chromedriver.exe] 
12:23:54.480 [main] DEBUG - Driver chromedriver 135.0.7049.84 found in cache
12:23:54.481 [main] INFO  - Exporting webdriver.chrome.driver as C:\Users\Admin\.cache\selenium\chromedriver\win64\135.0.7049.84\chromedriver.exe
12:23:58.393 [main] INFO  - Goto my account-->Click on Login.. 
12:23:59.987 [main] INFO  - Entering email and password.. 
12:24:01.664 [main] INFO  - clicked on login button...
12:25:06.918 [main] DEBUG - Using WebDriverManager 6.0.1
12:25:07.284 [main] DEBUG - Resolution chrome=135 in cache (valid until 13:23:54 13/04/2025 IST)
12:25:07.286 [main] DEBUG - Resolution chrome135=135.0.7049.84 in cache (valid until 11:20:27 14/04/2025 IST)
12:25:07.287 [main] INFO  - Using chromedriver 135.0.7049.84 (resolved driver for Chrome 135)
12:25:07.296 [main] TRACE - Checking if chromedriver exists in cache
12:25:07.321 [main] TRACE - Filter cache by chromedriver -- input list [C:\Users\Admin\.cache\selenium\chromedriver\win64\124.0.6367.91\chromedriver.exe, C:\Users\Admin\.cache\selenium\chromedriver\win64\135.0.7049.84\chromedriver.exe, C:\Users\Admin\.cache\selenium\manager\0.4.20\selenium-manager.exe, C:\Users\Admin\.cache\selenium\resolution.properties, C:\Users\Admin\.cache\selenium\se-metadata.json] -- output list [C:\Users\Admin\.cache\selenium\chromedriver\win64\124.0.6367.91\chromedriver.exe, C:\Users\Admin\.cache\selenium\chromedriver\win64\135.0.7049.84\chromedriver.exe] 
12:25:07.321 [main] TRACE - Filter cache by 135.0.7049.84 -- input list [C:\Users\Admin\.cache\selenium\chromedriver\win64\124.0.6367.91\chromedriver.exe, C:\Users\Admin\.cache\selenium\chromedriver\win64\135.0.7049.84\chromedriver.exe] -- output list [C:\Users\Admin\.cache\selenium\chromedriver\win64\135.0.7049.84\chromedriver.exe] 
12:25:07.321 [main] TRACE - Filter cache by WIN -- input list [C:\Users\Admin\.cache\selenium\chromedriver\win64\135.0.7049.84\chromedriver.exe] -- output list [C:\Users\Admin\.cache\selenium\chromedriver\win64\135.0.7049.84\chromedriver.exe] 
12:25:07.323 [main] DEBUG - Driver chromedriver 135.0.7049.84 found in cache
12:25:07.324 [main] INFO  - Exporting webdriver.chrome.driver as C:\Users\Admin\.cache\selenium\chromedriver\win64\135.0.7049.84\chromedriver.exe
12:25:14.410 [main] INFO  - Goto my account-->Click on Login.. 
12:25:15.873 [main] INFO  - Entering email and password.. 
12:25:17.984 [main] INFO  - clicked on login button...
12:25:50.498 [main] DEBUG - Using WebDriverManager 6.0.1
12:25:51.060 [main] DEBUG - Resolution chrome=135 in cache (valid until 13:23:54 13/04/2025 IST)
12:25:51.061 [main] DEBUG - Resolution chrome135=135.0.7049.84 in cache (valid until 11:20:27 14/04/2025 IST)
12:25:51.063 [main] INFO  - Using chromedriver 135.0.7049.84 (resolved driver for Chrome 135)
12:25:51.074 [main] TRACE - Checking if chromedriver exists in cache
12:25:51.105 [main] TRACE - Filter cache by chromedriver -- input list [C:\Users\Admin\.cache\selenium\chromedriver\win64\124.0.6367.91\chromedriver.exe, C:\Users\Admin\.cache\selenium\chromedriver\win64\135.0.7049.84\chromedriver.exe, C:\Users\Admin\.cache\selenium\manager\0.4.20\selenium-manager.exe, C:\Users\Admin\.cache\selenium\resolution.properties, C:\Users\Admin\.cache\selenium\se-metadata.json] -- output list [C:\Users\Admin\.cache\selenium\chromedriver\win64\124.0.6367.91\chromedriver.exe, C:\Users\Admin\.cache\selenium\chromedriver\win64\135.0.7049.84\chromedriver.exe] 
12:25:51.105 [main] TRACE - Filter cache by 135.0.7049.84 -- input list [C:\Users\Admin\.cache\selenium\chromedriver\win64\124.0.6367.91\chromedriver.exe, C:\Users\Admin\.cache\selenium\chromedriver\win64\135.0.7049.84\chromedriver.exe] -- output list [C:\Users\Admin\.cache\selenium\chromedriver\win64\135.0.7049.84\chromedriver.exe] 
12:25:51.106 [main] TRACE - Filter cache by WIN -- input list [C:\Users\Admin\.cache\selenium\chromedriver\win64\135.0.7049.84\chromedriver.exe] -- output list [C:\Users\Admin\.cache\selenium\chromedriver\win64\135.0.7049.84\chromedriver.exe] 
12:25:51.107 [main] DEBUG - Driver chromedriver 135.0.7049.84 found in cache
12:25:51.109 [main] INFO  - Exporting webdriver.chrome.driver as C:\Users\Admin\.cache\selenium\chromedriver\win64\135.0.7049.84\chromedriver.exe
12:25:54.124 [main] INFO  - Goto my account-->Click on Login.. 
12:25:56.531 [main] INFO  - Entering email and password.. 
12:25:58.343 [main] INFO  - clicked on login button...
12:26:33.281 [main] DEBUG - Using WebDriverManager 6.0.1
12:26:33.758 [main] DEBUG - Resolution chrome=135 in cache (valid until 13:23:54 13/04/2025 IST)
12:26:33.761 [main] DEBUG - Resolution chrome135=135.0.7049.84 in cache (valid until 11:20:27 14/04/2025 IST)
12:26:33.763 [main] INFO  - Using chromedriver 135.0.7049.84 (resolved driver for Chrome 135)
12:26:33.772 [main] TRACE - Checking if chromedriver exists in cache
12:26:33.799 [main] TRACE - Filter cache by chromedriver -- input list [C:\Users\Admin\.cache\selenium\chromedriver\win64\124.0.6367.91\chromedriver.exe, C:\Users\Admin\.cache\selenium\chromedriver\win64\135.0.7049.84\chromedriver.exe, C:\Users\Admin\.cache\selenium\manager\0.4.20\selenium-manager.exe, C:\Users\Admin\.cache\selenium\resolution.properties, C:\Users\Admin\.cache\selenium\se-metadata.json] -- output list [C:\Users\Admin\.cache\selenium\chromedriver\win64\124.0.6367.91\chromedriver.exe, C:\Users\Admin\.cache\selenium\chromedriver\win64\135.0.7049.84\chromedriver.exe] 
12:26:33.799 [main] TRACE - Filter cache by 135.0.7049.84 -- input list [C:\Users\Admin\.cache\selenium\chromedriver\win64\124.0.6367.91\chromedriver.exe, C:\Users\Admin\.cache\selenium\chromedriver\win64\135.0.7049.84\chromedriver.exe] -- output list [C:\Users\Admin\.cache\selenium\chromedriver\win64\135.0.7049.84\chromedriver.exe] 
12:26:33.800 [main] TRACE - Filter cache by WIN -- input list [C:\Users\Admin\.cache\selenium\chromedriver\win64\135.0.7049.84\chromedriver.exe] -- output list [C:\Users\Admin\.cache\selenium\chromedriver\win64\135.0.7049.84\chromedriver.exe] 
12:26:33.801 [main] DEBUG - Driver chromedriver 135.0.7049.84 found in cache
12:26:33.802 [main] INFO  - Exporting webdriver.chrome.driver as C:\Users\Admin\.cache\selenium\chromedriver\win64\135.0.7049.84\chromedriver.exe
